Archive member included because of file (symbol)

d:/chibistudio/tools/gnu tools arm embedded/4.9 2015q3/bin/../lib/gcc/arm-none-eabi/4.9.3/../../../../arm-none-eabi/lib/armv7e-m/fpu\libg.a(lib_a-memcpy.o)
                              C:\Users\nameless\AppData\Local\Temp\ccOXVY5X.ltrans2.ltrans.o (memcpy)
d:/chibistudio/tools/gnu tools arm embedded/4.9 2015q3/bin/../lib/gcc/arm-none-eabi/4.9.3/../../../../arm-none-eabi/lib/armv7e-m/fpu\libg.a(lib_a-memset.o)
                              C:\Users\nameless\AppData\Local\Temp\ccOXVY5X.ltrans2.ltrans.o (memset)
d:/chibistudio/tools/gnu tools arm embedded/4.9 2015q3/bin/../lib/gcc/arm-none-eabi/4.9.3/../../../../arm-none-eabi/lib/armv7e-m/fpu\libg.a(lib_a-strcmp.o)
                              C:\Users\nameless\AppData\Local\Temp\ccOXVY5X.ltrans0.ltrans.o (strcmp)
d:/chibistudio/tools/gnu tools arm embedded/4.9 2015q3/bin/../lib/gcc/arm-none-eabi/4.9.3/../../../../arm-none-eabi/lib/armv7e-m/fpu\libg.a(lib_a-strpbrk.o)
                              C:\Users\nameless\AppData\Local\Temp\ccOXVY5X.ltrans5.ltrans.o (strpbrk)
d:/chibistudio/tools/gnu tools arm embedded/4.9 2015q3/bin/../lib/gcc/arm-none-eabi/4.9.3/../../../../arm-none-eabi/lib/armv7e-m/fpu\libg.a(lib_a-strspn.o)
                              C:\Users\nameless\AppData\Local\Temp\ccOXVY5X.ltrans5.ltrans.o (strspn)
d:/chibistudio/tools/gnu tools arm embedded/4.9 2015q3/bin/../lib/gcc/arm-none-eabi/4.9.3/../../../../arm-none-eabi/lib/armv7e-m/fpu\libm.a(lib_a-sf_sin.o)
                              C:\Users\nameless\AppData\Local\Temp\ccOXVY5X.ltrans4.ltrans.o (sinf)
d:/chibistudio/tools/gnu tools arm embedded/4.9 2015q3/bin/../lib/gcc/arm-none-eabi/4.9.3/../../../../arm-none-eabi/lib/armv7e-m/fpu\libm.a(lib_a-ef_rem_pio2.o)
                              d:/chibistudio/tools/gnu tools arm embedded/4.9 2015q3/bin/../lib/gcc/arm-none-eabi/4.9.3/../../../../arm-none-eabi/lib/armv7e-m/fpu\libm.a(lib_a-sf_sin.o) (__ieee754_rem_pio2f)
d:/chibistudio/tools/gnu tools arm embedded/4.9 2015q3/bin/../lib/gcc/arm-none-eabi/4.9.3/../../../../arm-none-eabi/lib/armv7e-m/fpu\libm.a(lib_a-kf_cos.o)
                              d:/chibistudio/tools/gnu tools arm embedded/4.9 2015q3/bin/../lib/gcc/arm-none-eabi/4.9.3/../../../../arm-none-eabi/lib/armv7e-m/fpu\libm.a(lib_a-sf_sin.o) (__kernel_cosf)
d:/chibistudio/tools/gnu tools arm embedded/4.9 2015q3/bin/../lib/gcc/arm-none-eabi/4.9.3/../../../../arm-none-eabi/lib/armv7e-m/fpu\libm.a(lib_a-kf_rem_pio2.o)
                              d:/chibistudio/tools/gnu tools arm embedded/4.9 2015q3/bin/../lib/gcc/arm-none-eabi/4.9.3/../../../../arm-none-eabi/lib/armv7e-m/fpu\libm.a(lib_a-ef_rem_pio2.o) (__kernel_rem_pio2f)
d:/chibistudio/tools/gnu tools arm embedded/4.9 2015q3/bin/../lib/gcc/arm-none-eabi/4.9.3/../../../../arm-none-eabi/lib/armv7e-m/fpu\libm.a(lib_a-kf_sin.o)
                              d:/chibistudio/tools/gnu tools arm embedded/4.9 2015q3/bin/../lib/gcc/arm-none-eabi/4.9.3/../../../../arm-none-eabi/lib/armv7e-m/fpu\libm.a(lib_a-sf_sin.o) (__kernel_sinf)
d:/chibistudio/tools/gnu tools arm embedded/4.9 2015q3/bin/../lib/gcc/arm-none-eabi/4.9.3/../../../../arm-none-eabi/lib/armv7e-m/fpu\libm.a(lib_a-sf_fabs.o)
                              d:/chibistudio/tools/gnu tools arm embedded/4.9 2015q3/bin/../lib/gcc/arm-none-eabi/4.9.3/../../../../arm-none-eabi/lib/armv7e-m/fpu\libm.a(lib_a-ef_rem_pio2.o) (fabsf)
d:/chibistudio/tools/gnu tools arm embedded/4.9 2015q3/bin/../lib/gcc/arm-none-eabi/4.9.3/../../../../arm-none-eabi/lib/armv7e-m/fpu\libm.a(lib_a-sf_floor.o)
                              d:/chibistudio/tools/gnu tools arm embedded/4.9 2015q3/bin/../lib/gcc/arm-none-eabi/4.9.3/../../../../arm-none-eabi/lib/armv7e-m/fpu\libm.a(lib_a-kf_rem_pio2.o) (floorf)
d:/chibistudio/tools/gnu tools arm embedded/4.9 2015q3/bin/../lib/gcc/arm-none-eabi/4.9.3/../../../../arm-none-eabi/lib/armv7e-m/fpu\libm.a(lib_a-sf_scalbn.o)
                              d:/chibistudio/tools/gnu tools arm embedded/4.9 2015q3/bin/../lib/gcc/arm-none-eabi/4.9.3/../../../../arm-none-eabi/lib/armv7e-m/fpu\libm.a(lib_a-kf_rem_pio2.o) (scalbnf)
d:/chibistudio/tools/gnu tools arm embedded/4.9 2015q3/bin/../lib/gcc/arm-none-eabi/4.9.3/../../../../arm-none-eabi/lib/armv7e-m/fpu\libm.a(lib_a-sf_copysign.o)
                              d:/chibistudio/tools/gnu tools arm embedded/4.9 2015q3/bin/../lib/gcc/arm-none-eabi/4.9.3/../../../../arm-none-eabi/lib/armv7e-m/fpu\libm.a(lib_a-sf_scalbn.o) (copysignf)

Discarded input sections

 .data          0x00000000        0x0 build/obj/crt0_v7m.o
 .bss           0x00000000        0x0 build/obj/crt0_v7m.o
 .data          0x00000000        0x0 build/obj/chcoreasm_v7m.o
 .bss           0x00000000        0x0 build/obj/chcoreasm_v7m.o
 .text          0x00000000        0x0 build/obj/crt1.o (symbol from plugin)
 .text          0x00000000        0x0 C:\Users\nameless\AppData\Local\Temp\ccOXVY5X.ltrans0.ltrans.o
[...]
Memory Configuration

Name             Origin             Length             Attributes
flash            0x08000000         0x00100000
ram0             0x20000000         0x00020000
ram1             0x20000000         0x0001c000
ram2             0x2001c000         0x00004000
ram3             0x00000000         0x00000000
ram4             0x10000000         0x00010000
ram5             0x40024000         0x00001000
ram6             0x00000000         0x00000000
ram7             0x00000000         0x00000000
*default*        0x00000000         0xffffffff

Linker script and memory map

LOAD build/obj/crt0_v7m.o
LOAD build/obj/chcoreasm_v7m.o
LOAD build/obj/crt1.o
LOAD C:\Users\nameless\AppData\Local\Temp\ccOXVY5X.ltrans0.ltrans.o
LOAD C:\Users\nameless\AppData\Local\Temp\ccOXVY5X.ltrans1.ltrans.o
LOAD C:\Users\nameless\AppData\Local\Temp\ccOXVY5X.ltrans2.ltrans.o
LOAD C:\Users\nameless\AppData\Local\Temp\ccOXVY5X.ltrans3.ltrans.o
LOAD C:\Users\nameless\AppData\Local\Temp\ccOXVY5X.ltrans4.ltrans.o
LOAD C:\Users\nameless\AppData\Local\Temp\ccOXVY5X.ltrans5.ltrans.o
LOAD d:/chibistudio/tools/gnu tools arm embedded/4.9 2015q3/bin/../lib/gcc/arm-none-eabi/4.9.3/armv7e-m/fpu\libgcc.a
LOAD d:/chibistudio/tools/gnu tools arm embedded/4.9 2015q3/bin/../lib/gcc/arm-none-eabi/4.9.3/../../../../arm-none-eabi/lib/armv7e-m/fpu\libg.a
LOAD d:/chibistudio/tools/gnu tools arm embedded/4.9 2015q3/bin/../lib/gcc/arm-none-eabi/4.9.3/../../../../arm-none-eabi/lib/armv7e-m/fpu\libc.a
LOAD build/obj/vectors.o
LOAD build/obj/chsys.o
LOAD build/obj/chdebug.o
LOAD build/obj/chvt.o
LOAD build/obj/chschd.o
LOAD build/obj/chthreads.o
LOAD build/obj/chtm.o
LOAD build/obj/chstats.o
LOAD build/obj/chdynamic.o
LOAD build/obj/chregistry.o
LOAD build/obj/chsem.o
LOAD build/obj/chmtx.o
LOAD build/obj/chcond.o
LOAD build/obj/chevents.o
LOAD build/obj/chmsg.o
LOAD build/obj/chmboxes.o
LOAD build/obj/chqueues.o
LOAD build/obj/chmemcore.o
LOAD build/obj/chheap.o
LOAD build/obj/chmempools.o
LOAD build/obj/chcore.o
LOAD build/obj/chcore_v7m.o
LOAD build/obj/osal.o
LOAD build/obj/hal.o
LOAD build/obj/st.o
LOAD build/obj/hal_buffers.o
LOAD build/obj/hal_queues.o
LOAD build/obj/hal_mmcsd.o
LOAD build/obj/can.o
LOAD build/obj/i2c.o
LOAD build/obj/pal.o
LOAD build/obj/pwm.o
LOAD build/obj/serial.o
LOAD build/obj/spi.o
LOAD build/obj/nvic.o
LOAD build/obj/hal_lld.o
LOAD build/obj/stm32_dma.o
LOAD build/obj/st_lld.o
LOAD build/obj/can_lld.o
LOAD build/obj/pal_lld.o
LOAD build/obj/i2c_lld.o
LOAD build/obj/spi_lld.o
LOAD build/obj/pwm_lld.o
LOAD build/obj/serial_lld.o
LOAD build/obj/board.o
LOAD build/obj/shell.o
LOAD build/obj/evtimer.o
LOAD build/obj/syscalls.o
LOAD build/obj/memstreams.o
LOAD build/obj/chprintf.o
LOAD build/obj/main.o
LOAD build/obj/shellcfg.o
LOAD build/obj/flash.o
LOAD build/obj/mpu6050.o
LOAD build/obj/tft_display.o
                0x20000000                __ram0_start__ = ORIGIN (ram0)
                0x00020000                __ram0_size__ = 0x20000
                0x20020000                __ram0_end__ = (__ram0_start__ + __ram0_size__)
                0x20000000                __ram1_start__ = ORIGIN (ram1)
                0x0001c000                __ram1_size__ = 0x1c000
                0x2001c000                __ram1_end__ = (__ram1_start__ + __ram1_size__)
                0x2001c000                __ram2_start__ = ORIGIN (ram2)
                0x00004000                __ram2_size__ = 0x4000
                0x20020000                __ram2_end__ = (__ram2_start__ + __ram2_size__)
                0x00000000                __ram3_start__ = ORIGIN (ram3)
                0x00000000                __ram3_size__ = 0x0
                0x00000000                __ram3_end__ = (__ram3_start__ + __ram3_size__)
                0x10000000                __ram4_start__ = ORIGIN (ram4)
                0x00010000                __ram4_size__ = 0x10000
                0x10010000                __ram4_end__ = (__ram4_start__ + __ram4_size__)
                0x40024000                __ram5_start__ = ORIGIN (ram5)
                0x00001000                __ram5_size__ = 0x1000
                0x40025000                __ram5_end__ = (__ram5_start__ + __ram5_size__)
                0x00000000                __ram6_start__ = ORIGIN (ram6)
                0x00000000                __ram6_size__ = 0x0
                0x00000000                __ram6_end__ = (__ram6_start__ + __ram6_size__)
                0x00000000                __ram7_start__ = ORIGIN (ram7)
                0x00000000                __ram7_size__ = 0x0
                0x00000000                __ram7_end__ = (__ram7_start__ + __ram7_size__)
                0x00000000                . = 0x0
                0x00000000                _text = .

startup         0x08000000      0x1c0
 *(.vectors)
 .vectors       0x08000000      0x1c0 C:\Users\nameless\AppData\Local\Temp\ccOXVY5X.ltrans0.ltrans.o
                0x08000000                _vectors

constructors    0x080001c0        0x0
                0x080001c0                __init_array_start = .
 *(SORT(.init_array.*))
 *(.init_array)
                0x080001c0                __init_array_end = .

destructors     0x080001c0        0x0
                0x080001c0                __fini_array_start = .
 *(.fini_array)
 *(SORT(.fini_array.*))
                0x080001c0                __fini_array_end = .

.text           0x080001c0     0x6dec
 *(.text)
 .text          0x080001c0      0x10c build/obj/crt0_v7m.o
                0x080001c0                Reset_Handler
 *fill*         0x080002cc        0x4 
 .text          0x080002d0       0x48 build/obj/chcoreasm_v7m.o
                0x080002d0                _port_switch
                0x080002e8                _port_thread_start
                0x08000300                _port_switch_from_isr
                0x08000314                _port_exit_from_isr
 *fill*         0x08000318        0x8 
 .text          0x08000320      0x134 d:/chibistudio/tools/gnu tools arm embedded/4.9 2015q3/bin/../lib/gcc/arm-none-eabi/4.9.3/../../../../arm-none-eabi/lib/armv7e-m/fpu\libg.a(lib_a-memcpy.o)
                0x08000320                memcpy
 *fill*         0x08000454        0xc 
 .text          0x08000460      0x2dc d:/chibistudio/tools/gnu tools arm embedded/4.9 2015q3/bin/../lib/gcc/arm-none-eabi/4.9.3/../../../../arm-none-eabi/lib/armv7e-m/fpu\libg.a(lib_a-strcmp.o)
                0x08000468                strcmp
 *(.text.*)
 *fill*         0x0800073c        0x4 
 .text.notify3.lto_priv.56
                0x08000740       0x10 C:\Users\nameless\AppData\Local\Temp\ccOXVY5X.ltrans0.ltrans.o
                0x08000740                notify3.lto_priv.56
 .text.spi_lld_serve_tx_interrupt.lto_priv.68
                0x08000750       0x1c C:\Users\nameless\AppData\Local\Temp\ccOXVY5X.ltrans0.ltrans.o
                0x08000750                spi_lld_serve_tx_interrupt.lto_priv.68
 *fill*         0x0800076c        0x4 
 .text.cmd_info
                0x08000770       0xbc C:\Users\nameless\AppData\Local\Temp\ccOXVY5X.ltrans0.ltrans.o
 *fill*         0x0800082c        0x4 
 .text.Vector108
                0x08000830       0x70 C:\Users\nameless\AppData\Local\Temp\ccOXVY5X.ltrans0.ltrans.o
 .text.can_lld_sce_handler
                0x080008a0       0x74 C:\Users\nameless\AppData\Local\Temp\ccOXVY5X.ltrans0.ltrans.o
 *fill*         0x08000914        0xc 
 .text.Vector148
                0x08000920       0x20 C:\Users\nameless\AppData\Local\Temp\ccOXVY5X.ltrans0.ltrans.o
 .text.Vector98
                0x08000940       0x20 C:\Users\nameless\AppData\Local\Temp\ccOXVY5X.ltrans0.ltrans.o
 .text.VectorDC
                0x08000960      0x24c C:\Users\nameless\AppData\Local\Temp\ccOXVY5X.ltrans0.ltrans.o
 *fill*         0x08000bac        0x4 
 .text.spi_lld_serve_rx_interrupt.lto_priv.67
                0x08000bb0       0x98 C:\Users\nameless\AppData\Local\Temp\ccOXVY5X.ltrans0.ltrans.o
                0x08000bb0                spi_lld_serve_rx_interrupt.lto_priv.67
 *fill*         0x08000c48        0x8 
 .text.i2c_lld_serve_error_interrupt
                0x08000c50       0xcc C:\Users\nameless\AppData\Local\Temp\ccOXVY5X.ltrans0.ltrans.o
 *fill*         0x08000d1c        0x4 
 .text.VectorC8
                0x08000d20       0x34 C:\Users\nameless\AppData\Local\Temp\ccOXVY5X.ltrans0.ltrans.o
 *fill*         0x08000d54        0xc 
 .text.VectorC0
                0x08000d60       0x34 C:\Users\nameless\AppData\Local\Temp\ccOXVY5X.ltrans0.ltrans.o
 *fill*         0x08000d94        0xc 
 .text.i2c_lld_serve_event_interrupt
                0x08000da0      0x10c C:\Users\nameless\AppData\Local\Temp\ccOXVY5X.ltrans0.ltrans.o
 *fill*         0x08000eac        0x4 
 .text.VectorC4
                0x08000eb0       0x20 C:\Users\nameless\AppData\Local\Temp\ccOXVY5X.ltrans0.ltrans.o
 .text.VectorBC
                0x08000ed0       0x20 C:\Users\nameless\AppData\Local\Temp\ccOXVY5X.ltrans0.ltrans.o
 .text.Vector144
                0x08000ef0       0x20 C:\Users\nameless\AppData\Local\Temp\ccOXVY5X.ltrans0.ltrans.o
 .text.Vector94
                0x08000f10       0x20 C:\Users\nameless\AppData\Local\Temp\ccOXVY5X.ltrans0.ltrans.o
 .text.Vector140
                0x08000f30       0x20 C:\Users\nameless\AppData\Local\Temp\ccOXVY5X.ltrans0.ltrans.o
 .text.Vector90
                0x08000f50       0x20 C:\Users\nameless\AppData\Local\Temp\ccOXVY5X.ltrans0.ltrans.o
 .text.Vector13C
                0x08000f70       0x20 C:\Users\nameless\AppData\Local\Temp\ccOXVY5X.ltrans0.ltrans.o
 .text.Vector8C
                0x08000f90       0x20 C:\Users\nameless\AppData\Local\Temp\ccOXVY5X.ltrans0.ltrans.o
 .text.__early_init
                0x08000fb0       0xc8 C:\Users\nameless\AppData\Local\Temp\ccOXVY5X.ltrans0.ltrans.o
                0x08000fb0                __early_init
 *fill*         0x08001078        0x8 
 .text.shell_thread.lto_priv.54
                0x08001080      0x228 C:\Users\nameless\AppData\Local\Temp\ccOXVY5X.ltrans0.ltrans.o
                0x08001080                shell_thread.lto_priv.54
 *fill*         0x080012a8        0x8 
 .text.cmd_systime
                0x080012b0       0x70 C:\Users\nameless\AppData\Local\Temp\ccOXVY5X.ltrans0.ltrans.o
 .text.SVC_Handler
                0x08001320       0x20 C:\Users\nameless\AppData\Local\Temp\ccOXVY5X.ltrans1.ltrans.o
                0x08001320                SVC_Handler
 .text.stSetAlarm
                0x08001340       0x20 C:\Users\nameless\AppData\Local\Temp\ccOXVY5X.ltrans1.ltrans.o
                0x08001340                stSetAlarm
 .text._port_irq_epilogue
                0x08001360       0x64 C:\Users\nameless\AppData\Local\Temp\ccOXVY5X.ltrans1.ltrans.o
                0x08001360                _port_irq_epilogue
 *fill*         0x080013c4        0xc 
 .text.VectorB0
                0x080013d0       0xf4 C:\Users\nameless\AppData\Local\Temp\ccOXVY5X.ltrans1.ltrans.o
                0x080013d0                VectorB0
 *fill*         0x080014c4        0xc 
 .text.Vector158
                0x080014d0       0x38 C:\Users\nameless\AppData\Local\Temp\ccOXVY5X.ltrans1.ltrans.o
                0x080014d0                Vector158
 *fill*         0x08001508        0x8 
 .text.Vector154
                0x08001510       0x38 C:\Users\nameless\AppData\Local\Temp\ccOXVY5X.ltrans1.ltrans.o
                0x08001510                Vector154
 *fill*         0x08001548        0x8 
 .text.Vector150
                0x08001550       0x38 C:\Users\nameless\AppData\Local\Temp\ccOXVY5X.ltrans1.ltrans.o
                0x08001550                Vector150
 *fill*         0x08001588        0x8 
 .text.Vector130
                0x08001590       0x34 C:\Users\nameless\AppData\Local\Temp\ccOXVY5X.ltrans1.ltrans.o
                0x08001590                Vector130
 *fill*         0x080015c4        0xc 
 .text.Vector12C
                0x080015d0       0x38 C:\Users\nameless\AppData\Local\Temp\ccOXVY5X.ltrans1.ltrans.o
                0x080015d0                Vector12C
 *fill*         0x08001608        0x8 
 .text.Vector128
                0x08001610       0x38 C:\Users\nameless\AppData\Local\Temp\ccOXVY5X.ltrans1.ltrans.o
                0x08001610                Vector128
 *fill*         0x08001648        0x8 
 .text.Vector124
                0x08001650       0x38 C:\Users\nameless\AppData\Local\Temp\ccOXVY5X.ltrans1.ltrans.o
                0x08001650                Vector124
 *fill*         0x08001688        0x8 
 .text.Vector120
                0x08001690       0x34 C:\Users\nameless\AppData\Local\Temp\ccOXVY5X.ltrans1.ltrans.o
                0x08001690                Vector120
 *fill*         0x080016c4        0xc 
 .text.VectorFC
                0x080016d0       0x38 C:\Users\nameless\AppData\Local\Temp\ccOXVY5X.ltrans1.ltrans.o
                0x080016d0                VectorFC
 *fill*         0x08001708        0x8 
 .text.Vector84
                0x08001710       0x38 C:\Users\nameless\AppData\Local\Temp\ccOXVY5X.ltrans1.ltrans.o
                0x08001710                Vector84
 *fill*         0x08001748        0x8 
 .text.Vector80
                0x08001750       0x38 C:\Users\nameless\AppData\Local\Temp\ccOXVY5X.ltrans1.ltrans.o
                0x08001750                Vector80
 *fill*         0x08001788        0x8 
 .text.Vector7C
                0x08001790       0x34 C:\Users\nameless\AppData\Local\Temp\ccOXVY5X.ltrans1.ltrans.o
                0x08001790                Vector7C
 *fill*         0x080017c4        0xc 
 .text.Vector78
                0x080017d0       0x38 C:\Users\nameless\AppData\Local\Temp\ccOXVY5X.ltrans1.ltrans.o
                0x080017d0                Vector78
 *fill*         0x08001808        0x8 
 .text.Vector74
                0x08001810       0x38 C:\Users\nameless\AppData\Local\Temp\ccOXVY5X.ltrans1.ltrans.o
                0x08001810                Vector74
 *fill*         0x08001848        0x8 
 .text.Vector70
                0x08001850       0x38 C:\Users\nameless\AppData\Local\Temp\ccOXVY5X.ltrans1.ltrans.o
                0x08001850                Vector70
 *fill*         0x08001888        0x8 
 .text.Vector6C
                0x08001890       0x34 C:\Users\nameless\AppData\Local\Temp\ccOXVY5X.ltrans1.ltrans.o
                0x08001890                Vector6C
 *fill*         0x080018c4        0xc 
 .text.chEvtBroadcastFlagsI
                0x080018d0       0x9c C:\Users\nameless\AppData\Local\Temp\ccOXVY5X.ltrans1.ltrans.o
                0x080018d0                chEvtBroadcastFlagsI
 *fill*         0x0800196c        0x4 
 .text.can_lld_rx1_handler.lto_priv.70
                0x08001970       0xc0 C:\Users\nameless\AppData\Local\Temp\ccOXVY5X.ltrans1.ltrans.o
                0x08001970                can_lld_rx1_handler.lto_priv.70
 .text.can_lld_rx0_handler.lto_priv.71
                0x08001a30       0x78 C:\Users\nameless\AppData\Local\Temp\ccOXVY5X.ltrans1.ltrans.o
                0x08001a30                can_lld_rx0_handler.lto_priv.71
 *fill*         0x08001aa8        0x8 
 .text.can_lld_tx_handler.lto_priv.72
                0x08001ab0       0x70 C:\Users\nameless\AppData\Local\Temp\ccOXVY5X.ltrans1.ltrans.o
                0x08001ab0                can_lld_tx_handler.lto_priv.72
 .text.chCoreAlloc
                0x08001b20       0x70 C:\Users\nameless\AppData\Local\Temp\ccOXVY5X.ltrans1.ltrans.o
                0x08001b20                chCoreAlloc
 .text.chOQWriteTimeout
                0x08001b90      0x110 C:\Users\nameless\AppData\Local\Temp\ccOXVY5X.ltrans1.ltrans.o
 .text.writet.lto_priv.65
                0x08001ca0        0x8 C:\Users\nameless\AppData\Local\Temp\ccOXVY5X.ltrans1.ltrans.o
                0x08001ca0                writet.lto_priv.65
 *fill*         0x08001ca8        0x8 
 .text.write.lto_priv.59
                0x08001cb0        0xc C:\Users\nameless\AppData\Local\Temp\ccOXVY5X.ltrans1.ltrans.o
                0x08001cb0                write.lto_priv.59
 *fill*         0x08001cbc        0x4 
 .text.chOQPutTimeout
                0x08001cc0       0xb0 C:\Users\nameless\AppData\Local\Temp\ccOXVY5X.ltrans1.ltrans.o
 .text.putt.lto_priv.63
                0x08001d70        0x8 C:\Users\nameless\AppData\Local\Temp\ccOXVY5X.ltrans1.ltrans.o
                0x08001d70                putt.lto_priv.63
 *fill*         0x08001d78        0x8 
 .text.put.lto_priv.61
                0x08001d80        0xc C:\Users\nameless\AppData\Local\Temp\ccOXVY5X.ltrans1.ltrans.o
                0x08001d80                put.lto_priv.61
 *fill*         0x08001d8c        0x4 
 .text.chIQReadTimeout
                0x08001d90      0x108 C:\Users\nameless\AppData\Local\Temp\ccOXVY5X.ltrans1.ltrans.o
 *fill*         0x08001e98        0x8 
 .text.readt.lto_priv.66
                0x08001ea0        0x8 C:\Users\nameless\AppData\Local\Temp\ccOXVY5X.ltrans1.ltrans.o
                0x08001ea0                readt.lto_priv.66
 *fill*         0x08001ea8        0x8 
 .text.read.lto_priv.60
                0x08001eb0        0xc C:\Users\nameless\AppData\Local\Temp\ccOXVY5X.ltrans1.ltrans.o
                0x08001eb0                read.lto_priv.60
 *fill*         0x08001ebc        0x4 
 .text.chIQGetTimeout
                0x08001ec0       0xa4 C:\Users\nameless\AppData\Local\Temp\ccOXVY5X.ltrans1.ltrans.o
 *fill*         0x08001f64        0xc 
 .text.gett.lto_priv.64
                0x08001f70        0x8 C:\Users\nameless\AppData\Local\Temp\ccOXVY5X.ltrans1.ltrans.o
                0x08001f70                gett.lto_priv.64
 *fill*         0x08001f78        0x8 
 .text.get.lto_priv.62
                0x08001f80        0xc C:\Users\nameless\AppData\Local\Temp\ccOXVY5X.ltrans1.ltrans.o
                0x08001f80                get.lto_priv.62
 *fill*         0x08001f8c        0x4 
 .text.get.lto_priv.52
                0x08001f90       0x1c C:\Users\nameless\AppData\Local\Temp\ccOXVY5X.ltrans2.ltrans.o
                0x08001f90                get.lto_priv.52
 *fill*         0x08001fac        0x4 
 .text.put.lto_priv.51
                0x08001fb0       0x1c C:\Users\nameless\AppData\Local\Temp\ccOXVY5X.ltrans2.ltrans.o
                0x08001fb0                put.lto_priv.51
 *fill*         0x08001fcc        0x4 
 .text.reads.lto_priv.50
                0x08001fd0       0x28 C:\Users\nameless\AppData\Local\Temp\ccOXVY5X.ltrans2.ltrans.o
                0x08001fd0                reads.lto_priv.50
 *fill*         0x08001ff8        0x8 
 .text.writes.lto_priv.49
                0x08002000       0x24 C:\Users\nameless\AppData\Local\Temp\ccOXVY5X.ltrans2.ltrans.o
                0x08002000                writes.lto_priv.49
 *fill*         0x08002024        0xc 
 .text.chvprintf
                0x08002030      0x30c C:\Users\nameless\AppData\Local\Temp\ccOXVY5X.ltrans2.ltrans.o
                0x08002030                chvprintf
 *fill*         0x0800233c        0x4 
 .text.chprintf
                0x08002340       0x1c C:\Users\nameless\AppData\Local\Temp\ccOXVY5X.ltrans2.ltrans.o
                0x08002340                chprintf
 *fill*         0x0800235c        0x4 
 .text.TFT_thread.lto_priv.53
                0x08002360      0xb78 C:\Users\nameless\AppData\Local\Temp\ccOXVY5X.ltrans2.ltrans.o
                0x08002360                TFT_thread.lto_priv.53
 *fill*         0x08002ed8        0x8 
 .text.chTMChainMeasurementToX
                0x08002ee0       0x3c C:\Users\nameless\AppData\Local\Temp\ccOXVY5X.ltrans3.ltrans.o
 *fill*         0x08002f1c        0x4 
 .text._dbg_trace
                0x08002f20       0x38 C:\Users\nameless\AppData\Local\Temp\ccOXVY5X.ltrans3.ltrans.o
 *fill*         0x08002f58        0x8 
 .text._idle_thread.lto_priv.55
                0x08002f60        0x4 C:\Users\nameless\AppData\Local\Temp\ccOXVY5X.ltrans3.ltrans.o
                0x08002f60                _idle_thread.lto_priv.55
 *fill*         0x08002f64        0xc 
 .text._stats_increase_irq
                0x08002f70       0x20 C:\Users\nameless\AppData\Local\Temp\ccOXVY5X.ltrans3.ltrans.o
                0x08002f70                _stats_increase_irq
 .text.chTMStopMeasurementX
                0x08002f90       0x48 C:\Users\nameless\AppData\Local\Temp\ccOXVY5X.ltrans3.ltrans.o
                0x08002f90                chTMStopMeasurementX
 *fill*         0x08002fd8        0x8 
 .text._stats_stop_measure_crit_isr
                0x08002fe0        0xc C:\Users\nameless\AppData\Local\Temp\ccOXVY5X.ltrans3.ltrans.o
                0x08002fe0                _stats_stop_measure_crit_isr
 *fill*         0x08002fec        0x4 
 .text._stats_stop_measure_crit_thd
                0x08002ff0        0xc C:\Users\nameless\AppData\Local\Temp\ccOXVY5X.ltrans3.ltrans.o
                0x08002ff0                _stats_stop_measure_crit_thd
 *fill*         0x08002ffc        0x4 
 .text.chTMStartMeasurementX
                0x08003000        0xc C:\Users\nameless\AppData\Local\Temp\ccOXVY5X.ltrans3.ltrans.o
                0x08003000                chTMStartMeasurementX
 *fill*         0x0800300c        0x4 
 .text._stats_start_measure_crit_isr
                0x08003010        0xc C:\Users\nameless\AppData\Local\Temp\ccOXVY5X.ltrans3.ltrans.o
                0x08003010                _stats_start_measure_crit_isr
 *fill*         0x0800301c        0x4 
 .text._stats_start_measure_crit_thd
                0x08003020        0xc C:\Users\nameless\AppData\Local\Temp\ccOXVY5X.ltrans3.ltrans.o
                0x08003020                _stats_start_measure_crit_thd
 *fill*         0x0800302c        0x4 
 .text.chSchDoReschedule
                0x08003030       0x78 C:\Users\nameless\AppData\Local\Temp\ccOXVY5X.ltrans3.ltrans.o
                0x08003030                chSchDoReschedule
 *fill*         0x080030a8        0x8 
 .text.chDbgCheckClassS
                0x080030b0       0x20 C:\Users\nameless\AppData\Local\Temp\ccOXVY5X.ltrans3.ltrans.o
                0x080030b0                chDbgCheckClassS
 .text.chSchGoSleepS
                0x080030d0       0x64 C:\Users\nameless\AppData\Local\Temp\ccOXVY5X.ltrans3.ltrans.o
                0x080030d0                chSchGoSleepS
 *fill*         0x08003134        0xc 
 .text.chDbgCheckClassI
                0x08003140       0x20 C:\Users\nameless\AppData\Local\Temp\ccOXVY5X.ltrans3.ltrans.o
                0x08003140                chDbgCheckClassI
 .text.chSchGoSleepTimeoutS
                0x08003160      0x170 C:\Users\nameless\AppData\Local\Temp\ccOXVY5X.ltrans3.ltrans.o
                0x08003160                chSchGoSleepTimeoutS
 .text.chThdEnqueueTimeoutS
                0x080032d0       0x28 C:\Users\nameless\AppData\Local\Temp\ccOXVY5X.ltrans3.ltrans.o
                0x080032d0                chThdEnqueueTimeoutS
 *fill*         0x080032f8        0x8 
 .text.chSchReadyI
                0x08003300       0x50 C:\Users\nameless\AppData\Local\Temp\ccOXVY5X.ltrans3.ltrans.o
                0x08003300                chSchReadyI
 .text.chThdResumeI
                0x08003350       0x2c C:\Users\nameless\AppData\Local\Temp\ccOXVY5X.ltrans3.ltrans.o
                0x08003350                chThdResumeI
 *fill*         0x0800337c        0x4 
 .text.chThdExitS
                0x08003380       0x4c C:\Users\nameless\AppData\Local\Temp\ccOXVY5X.ltrans3.ltrans.o
                0x08003380                chThdExitS
 *fill*         0x080033cc        0x4 
 .text._dbg_check_leave_isr
                0x080033d0       0x2c C:\Users\nameless\AppData\Local\Temp\ccOXVY5X.ltrans3.ltrans.o
                0x080033d0                _dbg_check_leave_isr
 *fill*         0x080033fc        0x4 
 .text._dbg_check_enter_isr
                0x08003400       0x2c C:\Users\nameless\AppData\Local\Temp\ccOXVY5X.ltrans3.ltrans.o
                0x08003400                _dbg_check_enter_isr
 *fill*         0x0800342c        0x4 
 .text._dbg_check_unlock_from_isr
                0x08003430       0x24 C:\Users\nameless\AppData\Local\Temp\ccOXVY5X.ltrans3.ltrans.o
                0x08003430                _dbg_check_unlock_from_isr
 *fill*         0x08003454        0xc 
 .text._dbg_check_lock_from_isr
                0x08003460       0x24 C:\Users\nameless\AppData\Local\Temp\ccOXVY5X.ltrans3.ltrans.o
                0x08003460                _dbg_check_lock_from_isr
 *fill*         0x08003484        0xc 
 .text.wakeup   0x08003490       0x6c C:\Users\nameless\AppData\Local\Temp\ccOXVY5X.ltrans3.ltrans.o
 *fill*         0x080034fc        0x4 
 .text._dbg_check_unlock
                0x08003500       0x20 C:\Users\nameless\AppData\Local\Temp\ccOXVY5X.ltrans3.ltrans.o
                0x08003500                _dbg_check_unlock
 .text._dbg_check_lock
                0x08003520       0x20 C:\Users\nameless\AppData\Local\Temp\ccOXVY5X.ltrans3.ltrans.o
                0x08003520                _dbg_check_lock
 .text.chThdExit
                0x08003540       0x18 C:\Users\nameless\AppData\Local\Temp\ccOXVY5X.ltrans3.ltrans.o
                0x08003540                chThdExit
 *fill*         0x08003558        0x8 
 .text.chThdSleep
                0x08003560       0x5c C:\Users\nameless\AppData\Local\Temp\ccOXVY5X.ltrans3.ltrans.o
                0x08003560                chThdSleep
 *fill*         0x080035bc        0x4 
 .text.chThdCreateStatic
                0x080035c0      0x198 C:\Users\nameless\AppData\Local\Temp\ccOXVY5X.ltrans3.ltrans.o
                0x080035c0                chThdCreateStatic
 *fill*         0x08003758        0x8 
 .text._unhandled_exception
                0x08003760        0x4 C:\Users\nameless\AppData\Local\Temp\ccOXVY5X.ltrans3.ltrans.o
                0x08003760                Vector58
                0x08003760                VectorE8
                0x08003760                Vector9C
                0x08003760                VectorAC
                0x08003760                DebugMon_Handler
                0x08003760                Vector1A0
                0x08003760                Vector5C
                0x08003760                Vector11C
                0x08003760                HardFault_Handler
                0x08003760                Vector1B8
                0x08003760                Vector19C
                0x08003760                SysTick_Handler
                0x08003760                PendSV_Handler
                0x08003760                Vector168
                0x08003760                NMI_Handler
                0x08003760                Vector110
                0x08003760                VectorA8
                0x08003760                VectorB4
                0x08003760                Vector160
                0x08003760                Vector1B0
                0x08003760                UsageFault_Handler
                0x08003760                VectorEC
                0x08003760                Vector40
                0x08003760                VectorF8
                0x08003760                Vector190
                0x08003760                Vector188
                0x08003760                Vector198
                0x08003760                Vector118
                0x08003760                Vector64
                0x08003760                VectorCC
                0x08003760                Vector54
                0x08003760                VectorD8
                0x08003760                Vector138
                0x08003760                Vector24
                0x08003760                Vector1AC
                0x08003760                Vector178
                0x08003760                Vector1A4
                0x08003760                VectorD0
                0x08003760                Vector1B4
                0x08003760                VectorE4
                0x08003760                Vector134
                0x08003760                VectorF0
                0x08003760                Vector100
                0x08003760                VectorE0
                0x08003760                VectorF4
                0x08003760                MemManage_Handler
                0x08003760                VectorA0
                0x08003760                Vector180
                0x08003760                Vector114
                0x08003760                Vector164
                0x08003760                Vector60
                0x08003760                Vector1C
                0x08003760                Vector1BC
                0x08003760                Vector17C
                0x08003760                Vector48
                0x08003760                Vector1A8
                0x08003760                Vector16C
                0x08003760                VectorD4
                0x08003760                Vector4C
                0x08003760                Vector15C
                0x08003760                Vector68
                0x08003760                Vector170
                0x08003760                Vector88
                0x08003760                Vector104
                0x08003760                Vector184
                0x08003760                Vector10C
                0x08003760                Vector14C
                0x08003760                BusFault_Handler
                0x08003760                Vector50
                0x08003760                Vector194
                0x08003760                Vector44
                0x08003760                Vector28
                0x08003760                VectorB8
                0x08003760                Vector34
                0x08003760                VectorA4
                0x08003760                Vector20
                0x08003760                Vector18C
                0x08003760                Vector174
 *fill*         0x08003764        0xc 
 .text.__init_ram_areas
                0x08003770       0x4c C:\Users\nameless\AppData\Local\Temp\ccOXVY5X.ltrans3.ltrans.o
                0x08003770                __init_ram_areas
 *fill*         0x080037bc        0x4 
 .text.__default_exit
                0x080037c0        0x4 C:\Users\nameless\AppData\Local\Temp\ccOXVY5X.ltrans3.ltrans.o
                0x080037c0                __default_exit
 *fill*         0x080037c4        0xc 
 .text.__late_init
                0x080037d0        0x4 C:\Users\nameless\AppData\Local\Temp\ccOXVY5X.ltrans3.ltrans.o
                0x080037d0                __late_init
 *fill*         0x080037d4        0xc 
 .text.__core_init
                0x080037e0        0x4 C:\Users\nameless\AppData\Local\Temp\ccOXVY5X.ltrans3.ltrans.o
                0x080037e0                __core_init
 *fill*         0x080037e4        0xc 
 .text.startup.main
                0x080037f0      0x748 C:\Users\nameless\AppData\Local\Temp\ccOXVY5X.ltrans4.ltrans.o
                0x080037f0                main
 *fill*         0x08003f38        0x8 
 .text.Host_thread.lto_priv.48
                0x08003f40      0x148 C:\Users\nameless\AppData\Local\Temp\ccOXVY5X.ltrans4.ltrans.o
                0x08003f40                Host_thread.lto_priv.48
 *fill*         0x08004088        0x8 
 .text.cmd_data
                0x08004090       0x74 C:\Users\nameless\AppData\Local\Temp\ccOXVY5X.ltrans5.ltrans.o
                0x08004090                cmd_data
 *fill*         0x08004104        0xc 
 .text.cmd_test
                0x08004110        0xc C:\Users\nameless\AppData\Local\Temp\ccOXVY5X.ltrans5.ltrans.o
                0x08004110                cmd_test
 *fill*         0x0800411c        0x4 
 .text.chThdDequeueAllI.constprop.39
                0x08004120       0x58 C:\Users\nameless\AppData\Local\Temp\ccOXVY5X.ltrans5.ltrans.o
                0x08004120                chThdDequeueAllI.constprop.39
 *fill*         0x08004178        0x8 
 .text.dmaStreamAllocate.constprop.22
                0x08004180       0xd0 C:\Users\nameless\AppData\Local\Temp\ccOXVY5X.ltrans5.ltrans.o
                0x08004180                dmaStreamAllocate.constprop.22
 .text._strtok.constprop.9
                0x08004250       0x40 C:\Users\nameless\AppData\Local\Temp\ccOXVY5X.ltrans5.ltrans.o
                0x08004250                _strtok.constprop.9
 .text.long_to_string_with_divisor.constprop.8
                0x08004290       0x44 C:\Users\nameless\AppData\Local\Temp\ccOXVY5X.ltrans5.ltrans.o
                0x08004290                long_to_string_with_divisor.constprop.8
 *fill*         0x080042d4        0xc 
 .text.tft_printf.constprop.3
                0x080042e0      0x108 C:\Users\nameless\AppData\Local\Temp\ccOXVY5X.ltrans5.ltrans.o
                0x080042e0                tft_printf.constprop.3
 *fill*         0x080043e8        0x8 
 .text.tft_char_is_changed
                0x080043f0       0x88 C:\Users\nameless\AppData\Local\Temp\ccOXVY5X.ltrans5.ltrans.o
                0x080043f0                tft_char_is_changed
 *fill*         0x08004478        0x8 
 .text.sdStart.constprop.25
                0x08004480       0xc4 C:\Users\nameless\AppData\Local\Temp\ccOXVY5X.ltrans5.ltrans.o
                0x08004480                sdStart.constprop.25
 *fill*         0x08004544        0xc 
 .text.spiSelect.constprop.18
                0x08004550       0x6c C:\Users\nameless\AppData\Local\Temp\ccOXVY5X.ltrans5.ltrans.o
 *fill*         0x080045bc        0x4 
 .text.spiUnselect.constprop.16
                0x080045c0       0x6c C:\Users\nameless\AppData\Local\Temp\ccOXVY5X.ltrans5.ltrans.o
 *fill*         0x0800462c        0x4 
 .text.spiSend.constprop.14
                0x08004630       0xd0 C:\Users\nameless\AppData\Local\Temp\ccOXVY5X.ltrans5.ltrans.o
 .text.tft_write_data
                0x08004700       0x28 C:\Users\nameless\AppData\Local\Temp\ccOXVY5X.ltrans5.ltrans.o
                0x08004700                tft_write_data
 *fill*         0x08004728        0x8 
 .text.tft_write_command
                0x08004730       0x28 C:\Users\nameless\AppData\Local\Temp\ccOXVY5X.ltrans5.ltrans.o
                0x08004730                tft_write_command
 *fill*         0x08004758        0x8 
 .text.tft_set_char_pos
                0x08004760       0x50 C:\Users\nameless\AppData\Local\Temp\ccOXVY5X.ltrans5.ltrans.o
                0x08004760                tft_set_char_pos
 .text.strpbrk  0x080047b0       0x48 d:/chibistudio/tools/gnu tools arm embedded/4.9 2015q3/bin/../lib/gcc/arm-none-eabi/4.9.3/../../../../arm-none-eabi/lib/armv7e-m/fpu\libg.a(lib_a-strpbrk.o)
                0x080047b0                strpbrk
 *fill*         0x080047f8        0x8 
 .text.strspn   0x08004800       0x34 d:/chibistudio/tools/gnu tools arm embedded/4.9 2015q3/bin/../lib/gcc/arm-none-eabi/4.9.3/../../../../arm-none-eabi/lib/armv7e-m/fpu\libg.a(lib_a-strspn.o)
                0x08004800                strspn
 *fill*         0x08004834        0xc 
 .text.sinf     0x08004840       0x7c d:/chibistudio/tools/gnu tools arm embedded/4.9 2015q3/bin/../lib/gcc/arm-none-eabi/4.9.3/../../../../arm-none-eabi/lib/armv7e-m/fpu\libm.a(lib_a-sf_sin.o)
                0x08004840                sinf
 *fill*         0x080048bc        0x4 
 .text.__ieee754_rem_pio2f
                0x080048c0      0x290 d:/chibistudio/tools/gnu tools arm embedded/4.9 2015q3/bin/../lib/gcc/arm-none-eabi/4.9.3/../../../../arm-none-eabi/lib/armv7e-m/fpu\libm.a(lib_a-ef_rem_pio2.o)
                0x080048c0                __ieee754_rem_pio2f
 .text.__kernel_cosf
                0x08004b50      0x104 d:/chibistudio/tools/gnu tools arm embedded/4.9 2015q3/bin/../lib/gcc/arm-none-eabi/4.9.3/../../../../arm-none-eabi/lib/armv7e-m/fpu\libm.a(lib_a-kf_cos.o)
                0x08004b50                __kernel_cosf
 *fill*         0x08004c54        0xc 
 .text.__kernel_rem_pio2f
                0x08004c60      0x5e4 d:/chibistudio/tools/gnu tools arm embedded/4.9 2015q3/bin/../lib/gcc/arm-none-eabi/4.9.3/../../../../arm-none-eabi/lib/armv7e-m/fpu\libm.a(lib_a-kf_rem_pio2.o)
                0x08004c60                __kernel_rem_pio2f
 *fill*         0x08005244        0xc 
 .text.__kernel_sinf
                0x08005250       0x90 d:/chibistudio/tools/gnu tools arm embedded/4.9 2015q3/bin/../lib/gcc/arm-none-eabi/4.9.3/../../../../arm-none-eabi/lib/armv7e-m/fpu\libm.a(lib_a-kf_sin.o)
                0x08005250                __kernel_sinf
 .text.fabsf    0x080052e0       0x10 d:/chibistudio/tools/gnu tools arm embedded/4.9 2015q3/bin/../lib/gcc/arm-none-eabi/4.9.3/../../../../arm-none-eabi/lib/armv7e-m/fpu\libm.a(lib_a-sf_fabs.o)
                0x080052e0                fabsf
 .text.floorf   0x080052f0       0x90 d:/chibistudio/tools/gnu tools arm embedded/4.9 2015q3/bin/../lib/gcc/arm-none-eabi/4.9.3/../../../../arm-none-eabi/lib/armv7e-m/fpu\libm.a(lib_a-sf_floor.o)
                0x080052f0                floorf
 .text.scalbnf  0x08005380       0xd0 d:/chibistudio/tools/gnu tools arm embedded/4.9 2015q3/bin/../lib/gcc/arm-none-eabi/4.9.3/../../../../arm-none-eabi/lib/armv7e-m/fpu\libm.a(lib_a-sf_scalbn.o)
                0x08005380                scalbnf
 .text.copysignf
                0x08005450       0x18 d:/chibistudio/tools/gnu tools arm embedded/4.9 2015q3/bin/../lib/gcc/arm-none-eabi/4.9.3/../../../../arm-none-eabi/lib/armv7e-m/fpu\libm.a(lib_a-sf_copysign.o)
                0x08005450                copysignf
 *(.rodata)
 *(.rodata.*)
 *fill*         0x08005468        0x8 
 .rodata.str1.4
                0x08005470      0x23e C:\Users\nameless\AppData\Local\Temp\ccOXVY5X.ltrans0.ltrans.o
                                0x242 (size before relaxing)
 *fill*         0x080056ae        0x2 
 .rodata.__func__.6198
                0x080056b0        0xc C:\Users\nameless\AppData\Local\Temp\ccOXVY5X.ltrans0.ltrans.o
 *fill*         0x080056bc        0x4 
 .rodata.local_commands
                0x080056c0       0x18 C:\Users\nameless\AppData\Local\Temp\ccOXVY5X.ltrans0.ltrans.o
 *fill*         0x080056d8        0x8 
 .rodata.__func__.6610
                0x080056e0       0x10 C:\Users\nameless\AppData\Local\Temp\ccOXVY5X.ltrans1.ltrans.o
 .rodata.__func__.6607
                0x080056f0       0x15 C:\Users\nameless\AppData\Local\Temp\ccOXVY5X.ltrans1.ltrans.o
 *fill*         0x08005705        0xb 
 .rodata.__func__.6624
                0x08005710        0xd C:\Users\nameless\AppData\Local\Temp\ccOXVY5X.ltrans1.ltrans.o
 *fill*         0x0800571d        0x3 
 .rodata.__func__.5973
                0x08005720        0xc C:\Users\nameless\AppData\Local\Temp\ccOXVY5X.ltrans1.ltrans.o
 *fill*         0x0800572c        0x4 
 .rodata.__func__.7531
                0x08005730        0xb C:\Users\nameless\AppData\Local\Temp\ccOXVY5X.ltrans1.ltrans.o
 *fill*         0x0800573b        0x5 
 .rodata.__func__.5884.lto_priv.75
                0x08005740        0xc C:\Users\nameless\AppData\Local\Temp\ccOXVY5X.ltrans1.ltrans.o
 *fill*         0x0800574c        0x4 
 .rodata.__func__.5884.lto_priv.76
                0x08005750        0xc C:\Users\nameless\AppData\Local\Temp\ccOXVY5X.ltrans1.ltrans.o
 *fill*         0x0800575c        0x4 
 .rodata.__func__.6646
                0x08005760       0x11 C:\Users\nameless\AppData\Local\Temp\ccOXVY5X.ltrans1.ltrans.o
 *fill*         0x08005771        0xf 
 .rodata.__func__.7542
                0x08005780        0xe C:\Users\nameless\AppData\Local\Temp\ccOXVY5X.ltrans2.ltrans.o
 *fill*         0x0800578e        0x2 
 .rodata.__func__.5884
                0x08005790        0xc C:\Users\nameless\AppData\Local\Temp\ccOXVY5X.ltrans2.ltrans.o
 *fill*         0x0800579c        0x4 
 .rodata.TFTSPI_cfg
                0x080057a0        0xc C:\Users\nameless\AppData\Local\Temp\ccOXVY5X.ltrans2.ltrans.o
 *fill*         0x080057ac        0x4 
 .rodata.ascii_8x16
                0x080057b0     0x1000 C:\Users\nameless\AppData\Local\Temp\ccOXVY5X.ltrans2.ltrans.o
 .rodata.str1.4
                0x080067b0       0x2b C:\Users\nameless\AppData\Local\Temp\ccOXVY5X.ltrans2.ltrans.o
 *fill*         0x080067db        0x5 
 .rodata.__func__.6590
                0x080067e0        0xb C:\Users\nameless\AppData\Local\Temp\ccOXVY5X.ltrans2.ltrans.o
 *fill*         0x080067eb        0x5 
 .rodata.__func__.7528
                0x080067f0        0x9 C:\Users\nameless\AppData\Local\Temp\ccOXVY5X.ltrans2.ltrans.o
 *fill*         0x080067f9        0x7 
 .rodata.__func__.6599
                0x08006800        0xd C:\Users\nameless\AppData\Local\Temp\ccOXVY5X.ltrans3.ltrans.o
 *fill*         0x0800680d        0x3 
 .rodata.__func__.6665
                0x08006810        0xd C:\Users\nameless\AppData\Local\Temp\ccOXVY5X.ltrans3.ltrans.o
 *fill*         0x0800681d        0x3 
 .rodata.__func__.6615
                0x08006820        0xd C:\Users\nameless\AppData\Local\Temp\ccOXVY5X.ltrans3.ltrans.o
 *fill*         0x0800682d        0x3 
 .rodata.str1.4
                0x08006830       0x4d C:\Users\nameless\AppData\Local\Temp\ccOXVY5X.ltrans3.ltrans.o
 *fill*         0x0800687d        0x3 
 .rodata.ram_areas
                0x08006880       0x80 C:\Users\nameless\AppData\Local\Temp\ccOXVY5X.ltrans3.ltrans.o
 .rodata.__func__.6590
                0x08006900        0xb C:\Users\nameless\AppData\Local\Temp\ccOXVY5X.ltrans3.ltrans.o
 *fill*         0x0800690b        0x5 
 .rodata.__func__.7524
                0x08006910        0xd C:\Users\nameless\AppData\Local\Temp\ccOXVY5X.ltrans3.ltrans.o
 *fill*         0x0800691d        0x3 
 .rodata.__func__.6587
                0x08006920        0xc C:\Users\nameless\AppData\Local\Temp\ccOXVY5X.ltrans3.ltrans.o
 *fill*         0x0800692c        0x4 
 .rodata.__func__.6643
                0x08006930        0xb C:\Users\nameless\AppData\Local\Temp\ccOXVY5X.ltrans3.ltrans.o
 *fill*         0x0800693b        0x5 
 .rodata.__func__.6058.lto_priv.80
                0x08006940        0xc C:\Users\nameless\AppData\Local\Temp\ccOXVY5X.ltrans4.ltrans.o
                0x08006940                __func__.6058.lto_priv.80
 *fill*         0x0800694c        0x4 
 .rodata.commands
                0x08006950       0x10 C:\Users\nameless\AppData\Local\Temp\ccOXVY5X.ltrans4.ltrans.o
 .rodata.ch_debug
                0x08006960       0x16 C:\Users\nameless\AppData\Local\Temp\ccOXVY5X.ltrans4.ltrans.o
 *fill*         0x08006976        0xa 
 .rodata.str1.4
                0x08006980       0x45 C:\Users\nameless\AppData\Local\Temp\ccOXVY5X.ltrans4.ltrans.o
 *fill*         0x080069c5        0xb 
 .rodata.shell_cfg1
                0x080069d0        0x8 C:\Users\nameless\AppData\Local\Temp\ccOXVY5X.ltrans4.ltrans.o
 *fill*         0x080069d8        0x8 
 .rodata.vmt    0x080069e0       0x20 C:\Users\nameless\AppData\Local\Temp\ccOXVY5X.ltrans4.ltrans.o
 .rodata.__func__.5884.lto_priv.79
                0x08006a00        0xc C:\Users\nameless\AppData\Local\Temp\ccOXVY5X.ltrans4.ltrans.o
                0x08006a00                __func__.5884.lto_priv.79
 *fill*         0x08006a0c        0x4 
 .rodata._stm32_dma_streams
                0x08006a10       0xc0 C:\Users\nameless\AppData\Local\Temp\ccOXVY5X.ltrans4.ltrans.o
 .rodata.__func__.7536
                0x08006ad0        0xa C:\Users\nameless\AppData\Local\Temp\ccOXVY5X.ltrans5.ltrans.o
 *fill*         0x08006ada        0x6 
 .rodata.__func__.6653
                0x08006ae0        0xe C:\Users\nameless\AppData\Local\Temp\ccOXVY5X.ltrans5.ltrans.o
 *fill*         0x08006aee        0x2 
 .rodata.__func__.7602
                0x08006af0       0x12 C:\Users\nameless\AppData\Local\Temp\ccOXVY5X.ltrans5.ltrans.o
 *fill*         0x08006b02        0xe 
 .rodata.vmt    0x08006b10       0x10 C:\Users\nameless\AppData\Local\Temp\ccOXVY5X.ltrans5.ltrans.o
 .rodata.__func__.7569
                0x08006b20        0x8 C:\Users\nameless\AppData\Local\Temp\ccOXVY5X.ltrans5.ltrans.o
 *fill*         0x08006b28        0x8 
 .rodata.__func__.7540
                0x08006b30        0xc C:\Users\nameless\AppData\Local\Temp\ccOXVY5X.ltrans5.ltrans.o
 *fill*         0x08006b3c        0x4 
 .rodata.str1.4
                0x08006b40       0x40 C:\Users\nameless\AppData\Local\Temp\ccOXVY5X.ltrans5.ltrans.o
                                 0x3f (size before relaxing)
 .rodata.__func__.6070.lto_priv.69
                0x08006b80       0x14 C:\Users\nameless\AppData\Local\Temp\ccOXVY5X.ltrans5.ltrans.o
                0x08006b80                __func__.6070.lto_priv.69
 *fill*         0x08006b94        0xc 
 .rodata.__func__.7582
                0x08006ba0        0x8 C:\Users\nameless\AppData\Local\Temp\ccOXVY5X.ltrans5.ltrans.o
 *fill*         0x08006ba8        0x8 
 .rodata.__func__.5884.lto_priv.46
                0x08006bb0        0xc C:\Users\nameless\AppData\Local\Temp\ccOXVY5X.ltrans5.ltrans.o
 *fill*         0x08006bbc        0x4 
 .rodata.__func__.5884.lto_priv.47
                0x08006bc0        0xc C:\Users\nameless\AppData\Local\Temp\ccOXVY5X.ltrans5.ltrans.o
                0x08006bc0                __func__.5884.lto_priv.47
 *fill*         0x08006bcc        0x4 
 .rodata.npio2_hw
                0x08006bd0       0x80 d:/chibistudio/tools/gnu tools arm embedded/4.9 2015q3/bin/../lib/gcc/arm-none-eabi/4.9.3/../../../../arm-none-eabi/lib/armv7e-m/fpu\libm.a(lib_a-ef_rem_pio2.o)
 .rodata.two_over_pi
                0x08006c50      0x318 d:/chibistudio/tools/gnu tools arm embedded/4.9 2015q3/bin/../lib/gcc/arm-none-eabi/4.9.3/../../../../arm-none-eabi/lib/armv7e-m/fpu\libm.a(lib_a-ef_rem_pio2.o)
 *fill*         0x08006f68        0x8 
 .rodata.init_jk
                0x08006f70        0xc d:/chibistudio/tools/gnu tools arm embedded/4.9 2015q3/bin/../lib/gcc/arm-none-eabi/4.9.3/../../../../arm-none-eabi/lib/armv7e-m/fpu\libm.a(lib_a-kf_rem_pio2.o)
 *fill*         0x08006f7c        0x4 
 .rodata.PIo2   0x08006f80       0x2c d:/chibistudio/tools/gnu tools arm embedded/4.9 2015q3/bin/../lib/gcc/arm-none-eabi/4.9.3/../../../../arm-none-eabi/lib/armv7e-m/fpu\libm.a(lib_a-kf_rem_pio2.o)
 *(.glue_7t)
 .glue_7t       0x00000000        0x0 linker stubs
 *(.glue_7)
 .glue_7        0x00000000        0x0 linker stubs
 *(.gcc*)

.vfp11_veneer   0x08006fac        0x0
 .vfp11_veneer  0x00000000        0x0 linker stubs

.v4_bx          0x08006fac        0x0
 .v4_bx         0x00000000        0x0 linker stubs

.iplt           0x08006fac        0x0
 .iplt          0x00000000        0x0 build/obj/crt0_v7m.o

.rel.dyn        0x08006fac        0x0
 .rel.iplt      0x00000000        0x0 build/obj/crt0_v7m.o

.ARM.extab
 *(.ARM.extab* .gnu.linkonce.armextab.*)

.ARM.exidx      0x08006fac        0x0
                0x08006fac                __exidx_start = .
 *(.ARM.exidx* .gnu.linkonce.armexidx.*)
                0x08006fac                __exidx_end = .

.eh_frame_hdr
 *(.eh_frame_hdr)

.eh_frame
 *(.eh_frame)

.textalign      0x08006fac        0x4
                0x08006fb0                . = ALIGN (0x8)
 *fill*         0x08006fac        0x4 
                0x08006fb0                . = ALIGN (0x4)
                0x08006fb0                PROVIDE (_etext, .)

.mstack         0x20000000      0x400
                0x20000000                . = ALIGN (0x8)
                0x20000000                __main_stack_base__ = .
                0x20000400                . = (. + __main_stack_size__)
 *fill*         0x20000000      0x400 
                0x20000400                . = ALIGN (0x8)
                0x20000400                __main_stack_end__ = .

.pstack         0x20000400      0x400
                0x20000400                __process_stack_base__ = .
                0x20000400                __main_thread_stack_base__ = .
                0x20000800                . = (. + __process_stack_size__)
 *fill*         0x20000400      0x400 
                0x20000800                . = ALIGN (0x8)
                0x20000800                __process_stack_end__ = .
                0x20000800                __main_thread_stack_end__ = .

.data           0x20000800        0x0 load address 0x08006fb0
                0x20000800                . = ALIGN (0x4)
                0x08006fb0                PROVIDE (_textdata, LOADADDR (.data))
                0x20000800                PROVIDE (_data, .)
                0x08006fb0                _textdata_start = LOADADDR (.data)
                0x20000800                _data_start = .
 *(.data)
 *(.data.*)
 *(.ramtext)
                0x20000800                . = ALIGN (0x4)
                0x20000800                PROVIDE (_edata, .)
                0x20000800                _data_end = .

.igot.plt       0x20000800        0x0 load address 0x08006fb0
 .igot.plt      0x00000000        0x0 build/obj/crt0_v7m.o

.bss            0x20000800     0x2ae0 load address 0x08006fb0
                0x20000800                . = ALIGN (0x4)
                0x20000800                _bss_start = .
 *(.bss)
 *(.bss.*)
 .bss.shell_terminated
                0x20000800        0x4 C:\Users\nameless\AppData\Local\Temp\ccOXVY5X.ltrans0.ltrans.o
 .bss.tft_orientation
                0x20000804        0x1 C:\Users\nameless\AppData\Local\Temp\ccOXVY5X.ltrans2.ltrans.o
 *fill*         0x20000805        0x3 
 .bss.nextmem.lto_priv.78
                0x20000808        0x4 C:\Users\nameless\AppData\Local\Temp\ccOXVY5X.ltrans4.ltrans.o
                0x20000808                nextmem.lto_priv.78
 *fill*         0x2000080c        0x4 
 .bss.Shell_thread_wa
                0x20000810      0x570 C:\Users\nameless\AppData\Local\Temp\ccOXVY5X.ltrans4.ltrans.o
 .bss.dummytx   0x20000d80        0x2 C:\Users\nameless\AppData\Local\Temp\ccOXVY5X.ltrans4.ltrans.o
 *fill*         0x20000d82        0x2 
 .bss.CAND1     0x20000d84       0x30 C:\Users\nameless\AppData\Local\Temp\ccOXVY5X.ltrans4.ltrans.o
                0x20000d84                CAND1
 .bss.CAND2     0x20000db4       0x30 C:\Users\nameless\AppData\Local\Temp\ccOXVY5X.ltrans4.ltrans.o
                0x20000db4                CAND2
 .bss.PWMD5     0x20000de4       0x1c C:\Users\nameless\AppData\Local\Temp\ccOXVY5X.ltrans4.ltrans.o
                0x20000de4                PWMD5
 .bss.TFT_thread_wa
                0x20000e00     0x1170 C:\Users\nameless\AppData\Local\Temp\ccOXVY5X.ltrans4.ltrans.o
 .bss.default_heap
                0x20001f70       0x20 C:\Users\nameless\AppData\Local\Temp\ccOXVY5X.ltrans4.ltrans.o
 .bss.I2CD1     0x20001f90       0x38 C:\Users\nameless\AppData\Local\Temp\ccOXVY5X.ltrans4.ltrans.o
                0x20001f90                I2CD1
 .bss.I2CD2     0x20001fc8       0x38 C:\Users\nameless\AppData\Local\Temp\ccOXVY5X.ltrans4.ltrans.o
                0x20001fc8                I2CD2
 .bss.endmem.lto_priv.77
                0x20002000        0x4 C:\Users\nameless\AppData\Local\Temp\ccOXVY5X.ltrans4.ltrans.o
                0x20002000                endmem.lto_priv.77
 .bss.bg_color  0x20002004      0x190 C:\Users\nameless\AppData\Local\Temp\ccOXVY5X.ltrans5.ltrans.o
                0x20002004                bg_color
 .bss.SPID1     0x20002194       0x30 C:\Users\nameless\AppData\Local\Temp\ccOXVY5X.ltrans5.ltrans.o
                0x20002194                SPID1
 .bss.SD3       0x200021c4       0x78 C:\Users\nameless\AppData\Local\Temp\ccOXVY5X.ltrans5.ltrans.o
                0x200021c4                SD3
 .bss.text      0x2000223c       0xc8 C:\Users\nameless\AppData\Local\Temp\ccOXVY5X.ltrans5.ltrans.o
                0x2000223c                text
 .bss.text_prev
                0x20002304       0xc8 C:\Users\nameless\AppData\Local\Temp\ccOXVY5X.ltrans5.ltrans.o
                0x20002304                text_prev
 *fill*         0x200023cc        0x4 
 .bss.Host_thread_wa
                0x200023d0      0x370 C:\Users\nameless\AppData\Local\Temp\ccOXVY5X.ltrans5.ltrans.o
 .bss.ch        0x20002740      0x660 C:\Users\nameless\AppData\Local\Temp\ccOXVY5X.ltrans5.ltrans.o
                0x20002740                ch
 .bss.text_color_prev
                0x20002da0      0x190 C:\Users\nameless\AppData\Local\Temp\ccOXVY5X.ltrans5.ltrans.o
                0x20002da0                text_color_prev
 .bss.curr_bg_color
                0x20002f30        0x2 C:\Users\nameless\AppData\Local\Temp\ccOXVY5X.ltrans5.ltrans.o
                0x20002f30                curr_bg_color
 .bss.curr_text_color
                0x20002f32        0x2 C:\Users\nameless\AppData\Local\Temp\ccOXVY5X.ltrans5.ltrans.o
                0x20002f32                curr_text_color
 .bss.dummyrx   0x20002f34        0x2 C:\Users\nameless\AppData\Local\Temp\ccOXVY5X.ltrans5.ltrans.o
 *fill*         0x20002f36        0x2 
 .bss.text_color
                0x20002f38      0x190 C:\Users\nameless\AppData\Local\Temp\ccOXVY5X.ltrans5.ltrans.o
                0x20002f38                text_color
 .bss.dma_isr_redir.lto_priv.58
                0x200030c8       0x80 C:\Users\nameless\AppData\Local\Temp\ccOXVY5X.ltrans5.ltrans.o
                0x200030c8                dma_isr_redir.lto_priv.58
 .bss.dma_streams_mask.lto_priv.57
                0x20003148        0x4 C:\Users\nameless\AppData\Local\Temp\ccOXVY5X.ltrans5.ltrans.o
                0x20003148                dma_streams_mask.lto_priv.57
 .bss.curr_text_color_sp
                0x2000314c        0x2 C:\Users\nameless\AppData\Local\Temp\ccOXVY5X.ltrans5.ltrans.o
                0x2000314c                curr_text_color_sp
 *fill*         0x2000314e        0x2 
 .bss.bg_color_prev
                0x20003150      0x190 C:\Users\nameless\AppData\Local\Temp\ccOXVY5X.ltrans5.ltrans.o
                0x20003150                bg_color_prev
 *(COMMON)
                0x200032e0                . = ALIGN (0x4)
                0x200032e0                _bss_end = .
                0x200032e0                PROVIDE (end, .)

.ram0_init      0x200032e0        0x0 load address 0x08006fb0
                0x200032e0                . = ALIGN (0x4)
                0x08006fb0                __ram0_init_text__ = LOADADDR (.ram0_init)
                0x200032e0                __ram0_init__ = .
 *(.ram0_init)
 *(.ram0_init.*)
                0x200032e0                . = ALIGN (0x4)

.ram0           0x200032e0        0x0 load address 0x08006fb0
                0x200032e0                . = ALIGN (0x4)
                0x200032e0                __ram0_clear__ = .
 *(.ram0_clear)
 *(.ram0_clear.*)
                0x200032e0                . = ALIGN (0x4)
                0x200032e0                __ram0_noinit__ = .
 *(.ram0)
 *(.ram0.*)
                0x200032e0                . = ALIGN (0x4)
                0x200032e0                __ram0_free__ = .

.ram1_init      0x20000000        0x0 load address 0x08006fb0
                0x20000000                . = ALIGN (0x4)
                0x08006fb0                __ram1_init_text__ = LOADADDR (.ram1_init)
                0x20000000                __ram1_init__ = .
 *(.ram1_init)
 *(.ram1_init.*)
                0x20000000                . = ALIGN (0x4)

.ram1           0x20000000        0x0 load address 0x08006fb0
                0x20000000                . = ALIGN (0x4)
                0x20000000                __ram1_clear__ = .
 *(.ram1_clear)
 *(.ram1_clear.*)
                0x20000000                . = ALIGN (0x4)
                0x20000000                __ram1_noinit__ = .
 *(.ram1)
 *(.ram1.*)
                0x20000000                . = ALIGN (0x4)
                0x20000000                __ram1_free__ = .

.ram2_init      0x2001c000        0x0 load address 0x08006fb0
                0x2001c000                . = ALIGN (0x4)
                0x08006fb0                __ram2_init_text__ = LOADADDR (.ram2_init)
                0x2001c000                __ram2_init__ = .
 *(.ram2_init)
 *(.ram2_init.*)
                0x2001c000                . = ALIGN (0x4)

.ram2           0x2001c000        0x0 load address 0x08006fb0
                0x2001c000                . = ALIGN (0x4)
                0x2001c000                __ram2_clear__ = .
 *(.ram2_clear)
 *(.ram2_clear.*)
                0x2001c000                . = ALIGN (0x4)
                0x2001c000                __ram2_noinit__ = .
 *(.ram2)
 *(.ram2.*)
                0x2001c000                . = ALIGN (0x4)
                0x2001c000                __ram2_free__ = .

.ram3_init      0x00000000        0x0 load address 0x08006fb0
                0x00000000                . = ALIGN (0x4)
                0x08006fb0                __ram3_init_text__ = LOADADDR (.ram3_init)
                0x00000000                __ram3_init__ = .
 *(.ram3_init)
 *(.ram3_init.*)
                0x00000000                . = ALIGN (0x4)

.ram3           0x00000000        0x0 load address 0x08006fb0
                0x00000000                . = ALIGN (0x4)
                0x00000000                __ram3_clear__ = .
 *(.ram3_clear)
 *(.ram3_clear.*)
                0x00000000                . = ALIGN (0x4)
                0x00000000                __ram3_noinit__ = .
 *(.ram3)
 *(.ram3.*)
                0x00000000                . = ALIGN (0x4)
                0x00000000                __ram3_free__ = .

.ram4_init      0x10000000        0x0 load address 0x08006fb0
                0x10000000                . = ALIGN (0x4)
                0x08006fb0                __ram4_init_text__ = LOADADDR (.ram4_init)
                0x10000000                __ram4_init__ = .
 *(.ram4_init)
 *(.ram4_init.*)
                0x10000000                . = ALIGN (0x4)

.ram4           0x10000000        0x0 load address 0x08006fb0
                0x10000000                . = ALIGN (0x4)
                0x10000000                __ram4_clear__ = .
 *(.ram4_clear)
 *(.ram4_clear.*)
                0x10000000                . = ALIGN (0x4)
                0x10000000                __ram4_noinit__ = .
 *(.ram4)
 *(.ram4.*)
                0x10000000                . = ALIGN (0x4)
                0x10000000                __ram4_free__ = .

.ram5_init      0x40024000        0x0 load address 0x08006fb0
                0x40024000                . = ALIGN (0x4)
                0x08006fb0                __ram5_init_text__ = LOADADDR (.ram5_init)
                0x40024000                __ram5_init__ = .
 *(.ram5_init)
 *(.ram5_init.*)
                0x40024000                . = ALIGN (0x4)

.ram5           0x40024000        0x0 load address 0x08006fb0
                0x40024000                . = ALIGN (0x4)
                0x40024000                __ram5_clear__ = .
 *(.ram5_clear)
 *(.ram5_clear.*)
                0x40024000                . = ALIGN (0x4)
                0x40024000                __ram5_noinit__ = .
 *(.ram5)
 *(.ram5.*)
                0x40024000                . = ALIGN (0x4)
                0x40024000                __ram5_free__ = .

.ram6_init      0x00000000        0x0 load address 0x08006fb0
                0x00000000                . = ALIGN (0x4)
                0x08006fb0                __ram6_init_text__ = LOADADDR (.ram6_init)
                0x00000000                __ram6_init__ = .
 *(.ram6_init)
 *(.ram6_init.*)
                0x00000000                . = ALIGN (0x4)

.ram6           0x00000000        0x0 load address 0x08006fb0
                0x00000000                . = ALIGN (0x4)
                0x00000000                __ram6_clear__ = .
 *(.ram6_clear)
 *(.ram6_clear.*)
                0x00000000                . = ALIGN (0x4)
                0x00000000                __ram6_noinit__ = .
 *(.ram6)
 *(.ram6.*)
                0x00000000                . = ALIGN (0x4)
                0x00000000                __ram6_free__ = .

.ram7_init      0x00000000        0x0 load address 0x08006fb0
                0x00000000                . = ALIGN (0x4)
                0x08006fb0                __ram7_init_text__ = LOADADDR (.ram7_init)
                0x00000000                __ram7_init__ = .
 *(.ram7_init)
 *(.ram7_init.*)
                0x00000000                . = ALIGN (0x4)

.ram7           0x00000000        0x0 load address 0x08006fb0
                0x00000000                . = ALIGN (0x4)
                0x00000000                __ram7_clear__ = .
 *(.ram7_clear)
 *(.ram7_clear.*)
                0x00000000                . = ALIGN (0x4)
                0x00000000                __ram7_noinit__ = .
 *(.ram7)
 *(.ram7.*)
                0x00000000                . = ALIGN (0x4)
                0x00000000                __ram7_free__ = .

.heap           0x200032e0    0x1cd20
                0x200032e0                . = ALIGN (0x8)
                0x200032e0                __heap_base__ = .
                0x20020000                . = (ORIGIN (HEAP_RAM) + 0x20000)
 *fill*         0x200032e0    0x1cd20 
                0x20020000                __heap_end__ = .
                0x00000400                __process_stack_size__ = 0x400
                0x00000400                __main_stack_size__ = 0x400
LOAD d:/chibistudio/tools/gnu tools arm embedded/4.9 2015q3/bin/../lib/gcc/arm-none-eabi/4.9.3/../../../../arm-none-eabi/lib/armv7e-m/fpu\libm.a
START GROUP
LOAD d:/chibistudio/tools/gnu tools arm embedded/4.9 2015q3/bin/../lib/gcc/arm-none-eabi/4.9.3/armv7e-m/fpu\libgcc.a
LOAD d:/chibistudio/tools/gnu tools arm embedded/4.9 2015q3/bin/../lib/gcc/arm-none-eabi/4.9.3/../../../../arm-none-eabi/lib/armv7e-m/fpu\libg.a
LOAD d:/chibistudio/tools/gnu tools arm embedded/4.9 2015q3/bin/../lib/gcc/arm-none-eabi/4.9.3/../../../../arm-none-eabi/lib/armv7e-m/fpu\libc.a
END GROUP
OUTPUT(build/ch.elf elf32-littlearm)

.ARM.attributes
                0x00000000       0x35
 .ARM.attributes
                0x00000000       0x25 build/obj/crt0_v7m.o
 .ARM.attributes
                0x00000025       0x25 build/obj/chcoreasm_v7m.o
 .ARM.attributes
                0x0000004a       0x37 C:\Users\nameless\AppData\Local\Temp\ccOXVY5X.ltrans0.ltrans.o
 .ARM.attributes
                0x00000081       0x37 C:\Users\nameless\AppData\Local\Temp\ccOXVY5X.ltrans1.ltrans.o
 .ARM.attributes
                0x000000b8       0x37 C:\Users\nameless\AppData\Local\Temp\ccOXVY5X.ltrans2.ltrans.o
 .ARM.attributes
                0x000000ef       0x37 C:\Users\nameless\AppData\Local\Temp\ccOXVY5X.ltrans3.ltrans.o
 .ARM.attributes
                0x00000126       0x37 C:\Users\nameless\AppData\Local\Temp\ccOXVY5X.ltrans4.ltrans.o
 .ARM.attributes
                0x0000015d       0x37 C:\Users\nameless\AppData\Local\Temp\ccOXVY5X.ltrans5.ltrans.o
 .ARM.attributes
                0x00000194       0x20 d:/chibistudio/tools/gnu tools arm embedded/4.9 2015q3/bin/../lib/gcc/arm-none-eabi/4.9.3/../../../../arm-none-eabi/lib/armv7e-m/fpu\libg.a(lib_a-memcpy.o)
 .ARM.attributes
                0x000001b4       0x20 d:/chibistudio/tools/gnu tools arm embedded/4.9 2015q3/bin/../lib/gcc/arm-none-eabi/4.9.3/../../../../arm-none-eabi/lib/armv7e-m/fpu\libg.a(lib_a-strcmp.o)
 .ARM.attributes
                0x000001d4       0x34 d:/chibistudio/tools/gnu tools arm embedded/4.9 2015q3/bin/../lib/gcc/arm-none-eabi/4.9.3/../../../../arm-none-eabi/lib/armv7e-m/fpu\libg.a(lib_a-strpbrk.o)
 .ARM.attributes
                0x00000208       0x34 d:/chibistudio/tools/gnu tools arm embedded/4.9 2015q3/bin/../lib/gcc/arm-none-eabi/4.9.3/../../../../arm-none-eabi/lib/armv7e-m/fpu\libg.a(lib_a-strspn.o)
 .ARM.attributes
                0x0000023c       0x34 d:/chibistudio/tools/gnu tools arm embedded/4.9 2015q3/bin/../lib/gcc/arm-none-eabi/4.9.3/../../../../arm-none-eabi/lib/armv7e-m/fpu\libm.a(lib_a-sf_sin.o)
 .ARM.attributes
                0x00000270       0x34 d:/chibistudio/tools/gnu tools arm embedded/4.9 2015q3/bin/../lib/gcc/arm-none-eabi/4.9.3/../../../../arm-none-eabi/lib/armv7e-m/fpu\libm.a(lib_a-ef_rem_pio2.o)
 .ARM.attributes
                0x000002a4       0x34 d:/chibistudio/tools/gnu tools arm embedded/4.9 2015q3/bin/../lib/gcc/arm-none-eabi/4.9.3/../../../../arm-none-eabi/lib/armv7e-m/fpu\libm.a(lib_a-kf_cos.o)
 .ARM.attributes
                0x000002d8       0x34 d:/chibistudio/tools/gnu tools arm embedded/4.9 2015q3/bin/../lib/gcc/arm-none-eabi/4.9.3/../../../../arm-none-eabi/lib/armv7e-m/fpu\libm.a(lib_a-kf_rem_pio2.o)
 .ARM.attributes
                0x0000030c       0x34 d:/chibistudio/tools/gnu tools arm embedded/4.9 2015q3/bin/../lib/gcc/arm-none-eabi/4.9.3/../../../../arm-none-eabi/lib/armv7e-m/fpu\libm.a(lib_a-kf_sin.o)
 .ARM.attributes
                0x00000340       0x34 d:/chibistudio/tools/gnu tools arm embedded/4.9 2015q3/bin/../lib/gcc/arm-none-eabi/4.9.3/../../../../arm-none-eabi/lib/armv7e-m/fpu\libm.a(lib_a-sf_fabs.o)
 .ARM.attributes
                0x00000374       0x34 d:/chibistudio/tools/gnu tools arm embedded/4.9 2015q3/bin/../lib/gcc/arm-none-eabi/4.9.3/../../../../arm-none-eabi/lib/armv7e-m/fpu\libm.a(lib_a-sf_floor.o)
 .ARM.attributes
                0x000003a8       0x34 d:/chibistudio/tools/gnu tools arm embedded/4.9 2015q3/bin/../lib/gcc/arm-none-eabi/4.9.3/../../../../arm-none-eabi/lib/armv7e-m/fpu\libm.a(lib_a-sf_scalbn.o)
 .ARM.attributes
                0x000003dc       0x34 d:/chibistudio/tools/gnu tools arm embedded/4.9 2015q3/bin/../lib/gcc/arm-none-eabi/4.9.3/../../../../arm-none-eabi/lib/armv7e-m/fpu\libm.a(lib_a-sf_copysign.o)

.comment        0x00000000       0x70
 .comment       0x00000000       0x70 C:\Users\nameless\AppData\Local\Temp\ccOXVY5X.ltrans0.ltrans.o
                                 0x71 (size before relaxing)
 .comment       0x00000000       0x71 C:\Users\nameless\AppData\Local\Temp\ccOXVY5X.ltrans1.ltrans.o
 .comment       0x00000000       0x71 C:\Users\nameless\AppData\Local\Temp\ccOXVY5X.ltrans2.ltrans.o
 .comment       0x00000000       0x71 C:\Users\nameless\AppData\Local\Temp\ccOXVY5X.ltrans3.ltrans.o
 .comment       0x00000000       0x71 C:\Users\nameless\AppData\Local\Temp\ccOXVY5X.ltrans4.ltrans.o
 .comment       0x00000000       0x71 C:\Users\nameless\AppData\Local\Temp\ccOXVY5X.ltrans5.ltrans.o

.debug_info     0x00000000    0x12adf
 .debug_info    0x00000000     0x46e8 C:\Users\nameless\AppData\Local\Temp\ccOXVY5X.ltrans0.ltrans.o
 .debug_info    0x000046e8     0x3632 C:\Users\nameless\AppData\Local\Temp\ccOXVY5X.ltrans1.ltrans.o
 .debug_info    0x00007d1a     0x302e C:\Users\nameless\AppData\Local\Temp\ccOXVY5X.ltrans2.ltrans.o
 .debug_info    0x0000ad48     0x232e C:\Users\nameless\AppData\Local\Temp\ccOXVY5X.ltrans3.ltrans.o
 .debug_info    0x0000d076     0x31ea C:\Users\nameless\AppData\Local\Temp\ccOXVY5X.ltrans4.ltrans.o
 .debug_info    0x00010260     0x287f C:\Users\nameless\AppData\Local\Temp\ccOXVY5X.ltrans5.ltrans.o

.debug_abbrev   0x00000000     0x2336
 .debug_abbrev  0x00000000      0x686 C:\Users\nameless\AppData\Local\Temp\ccOXVY5X.ltrans0.ltrans.o
 .debug_abbrev  0x00000686      0x675 C:\Users\nameless\AppData\Local\Temp\ccOXVY5X.ltrans1.ltrans.o
 .debug_abbrev  0x00000cfb      0x5f0 C:\Users\nameless\AppData\Local\Temp\ccOXVY5X.ltrans2.ltrans.o
 .debug_abbrev  0x000012eb      0x58d C:\Users\nameless\AppData\Local\Temp\ccOXVY5X.ltrans3.ltrans.o
 .debug_abbrev  0x00001878      0x545 C:\Users\nameless\AppData\Local\Temp\ccOXVY5X.ltrans4.ltrans.o
 .debug_abbrev  0x00001dbd      0x579 C:\Users\nameless\AppData\Local\Temp\ccOXVY5X.ltrans5.ltrans.o

.debug_loc      0x00000000     0x4a7b
 .debug_loc     0x00000000      0xd46 C:\Users\nameless\AppData\Local\Temp\ccOXVY5X.ltrans0.ltrans.o
 .debug_loc     0x00000d46     0x124f C:\Users\nameless\AppData\Local\Temp\ccOXVY5X.ltrans1.ltrans.o
 .debug_loc     0x00001f95     0x1166 C:\Users\nameless\AppData\Local\Temp\ccOXVY5X.ltrans2.ltrans.o
 .debug_loc     0x000030fb      0xd51 C:\Users\nameless\AppData\Local\Temp\ccOXVY5X.ltrans3.ltrans.o
 .debug_loc     0x00003e4c      0x25b C:\Users\nameless\AppData\Local\Temp\ccOXVY5X.ltrans4.ltrans.o
 .debug_loc     0x000040a7      0x9d4 C:\Users\nameless\AppData\Local\Temp\ccOXVY5X.ltrans5.ltrans.o

.debug_aranges  0x00000000      0x480
 .debug_aranges
                0x00000000       0xf8 C:\Users\nameless\AppData\Local\Temp\ccOXVY5X.ltrans0.ltrans.o
 .debug_aranges
                0x000000f8      0x140 C:\Users\nameless\AppData\Local\Temp\ccOXVY5X.ltrans1.ltrans.o
 .debug_aranges
                0x00000238       0x68 C:\Users\nameless\AppData\Local\Temp\ccOXVY5X.ltrans2.ltrans.o
 .debug_aranges
                0x000002a0      0x128 C:\Users\nameless\AppData\Local\Temp\ccOXVY5X.ltrans3.ltrans.o
 .debug_aranges
                0x000003c8       0x28 C:\Users\nameless\AppData\Local\Temp\ccOXVY5X.ltrans4.ltrans.o
 .debug_aranges
                0x000003f0       0x90 C:\Users\nameless\AppData\Local\Temp\ccOXVY5X.ltrans5.ltrans.o

.debug_ranges   0x00000000     0x1d88
 .debug_ranges  0x00000000      0x3d8 C:\Users\nameless\AppData\Local\Temp\ccOXVY5X.ltrans0.ltrans.o
 .debug_ranges  0x000003d8      0x408 C:\Users\nameless\AppData\Local\Temp\ccOXVY5X.ltrans1.ltrans.o
 .debug_ranges  0x000007e0      0x360 C:\Users\nameless\AppData\Local\Temp\ccOXVY5X.ltrans2.ltrans.o
 .debug_ranges  0x00000b40      0x500 C:\Users\nameless\AppData\Local\Temp\ccOXVY5X.ltrans3.ltrans.o
 .debug_ranges  0x00001040      0xb58 C:\Users\nameless\AppData\Local\Temp\ccOXVY5X.ltrans4.ltrans.o
 .debug_ranges  0x00001b98      0x1f0 C:\Users\nameless\AppData\Local\Temp\ccOXVY5X.ltrans5.ltrans.o

.debug_line     0x00000000     0x44a8
 .debug_line    0x00000000      0xd51 C:\Users\nameless\AppData\Local\Temp\ccOXVY5X.ltrans0.ltrans.o
 .debug_line    0x00000d51      0xc91 C:\Users\nameless\AppData\Local\Temp\ccOXVY5X.ltrans1.ltrans.o
 .debug_line    0x000019e2      0x993 C:\Users\nameless\AppData\Local\Temp\ccOXVY5X.ltrans2.ltrans.o
 .debug_line    0x00002375      0xaff C:\Users\nameless\AppData\Local\Temp\ccOXVY5X.ltrans3.ltrans.o
 .debug_line    0x00002e74      0xcb4 C:\Users\nameless\AppData\Local\Temp\ccOXVY5X.ltrans4.ltrans.o
 .debug_line    0x00003b28      0x980 C:\Users\nameless\AppData\Local\Temp\ccOXVY5X.ltrans5.ltrans.o

.debug_str      0x00000000     0x2d67
 .debug_str     0x00000000     0x16f6 C:\Users\nameless\AppData\Local\Temp\ccOXVY5X.ltrans0.ltrans.o
                               0x17f1 (size before relaxing)
 .debug_str     0x000016f6      0x3f0 C:\Users\nameless\AppData\Local\Temp\ccOXVY5X.ltrans1.ltrans.o
                                0xed1 (size before relaxing)
 .debug_str     0x00001ae6      0x4b9 C:\Users\nameless\AppData\Local\Temp\ccOXVY5X.ltrans2.ltrans.o
                               0x1020 (size before relaxing)
 .debug_str     0x00001f9f      0x328 C:\Users\nameless\AppData\Local\Temp\ccOXVY5X.ltrans3.ltrans.o
                                0xb45 (size before relaxing)
 .debug_str     0x000022c7      0x65c C:\Users\nameless\AppData\Local\Temp\ccOXVY5X.ltrans4.ltrans.o
                               0x1451 (size before relaxing)
 .debug_str     0x00002923      0x444 C:\Users\nameless\AppData\Local\Temp\ccOXVY5X.ltrans5.ltrans.o
                                0xf68 (size before relaxing)

.debug_frame    0x00000000      0xfdc
 .debug_frame   0x00000000      0x330 C:\Users\nameless\AppData\Local\Temp\ccOXVY5X.ltrans0.ltrans.o
 .debug_frame   0x00000330      0x3f0 C:\Users\nameless\AppData\Local\Temp\ccOXVY5X.ltrans1.ltrans.o
 .debug_frame   0x00000720      0x130 C:\Users\nameless\AppData\Local\Temp\ccOXVY5X.ltrans2.ltrans.o
 .debug_frame   0x00000850      0x328 C:\Users\nameless\AppData\Local\Temp\ccOXVY5X.ltrans3.ltrans.o
 .debug_frame   0x00000b78       0x4c C:\Users\nameless\AppData\Local\Temp\ccOXVY5X.ltrans4.ltrans.o
 .debug_frame   0x00000bc4      0x200 C:\Users\nameless\AppData\Local\Temp\ccOXVY5X.ltrans5.ltrans.o
 .debug_frame   0x00000dc4       0x34 d:/chibistudio/tools/gnu tools arm embedded/4.9 2015q3/bin/../lib/gcc/arm-none-eabi/4.9.3/../../../../arm-none-eabi/lib/armv7e-m/fpu\libg.a(lib_a-strpbrk.o)
 .debug_frame   0x00000df8       0x34 d:/chibistudio/tools/gnu tools arm embedded/4.9 2015q3/bin/../lib/gcc/arm-none-eabi/4.9.3/../../../../arm-none-eabi/lib/armv7e-m/fpu\libg.a(lib_a-strspn.o)
 .debug_frame   0x00000e2c       0x34 d:/chibistudio/tools/gnu tools arm embedded/4.9 2015q3/bin/../lib/gcc/arm-none-eabi/4.9.3/../../../../arm-none-eabi/lib/armv7e-m/fpu\libm.a(lib_a-sf_sin.o)
 .debug_frame   0x00000e60       0x3c d:/chibistudio/tools/gnu tools arm embedded/4.9 2015q3/bin/../lib/gcc/arm-none-eabi/4.9.3/../../../../arm-none-eabi/lib/armv7e-m/fpu\libm.a(lib_a-ef_rem_pio2.o)
 .debug_frame   0x00000e9c       0x20 d:/chibistudio/tools/gnu tools arm embedded/4.9 2015q3/bin/../lib/gcc/arm-none-eabi/4.9.3/../../../../arm-none-eabi/lib/armv7e-m/fpu\libm.a(lib_a-kf_cos.o)
 .debug_frame   0x00000ebc       0x5c d:/chibistudio/tools/gnu tools arm embedded/4.9 2015q3/bin/../lib/gcc/arm-none-eabi/4.9.3/../../../../arm-none-eabi/lib/armv7e-m/fpu\libm.a(lib_a-kf_rem_pio2.o)
 .debug_frame   0x00000f18       0x20 d:/chibistudio/tools/gnu tools arm embedded/4.9 2015q3/bin/../lib/gcc/arm-none-eabi/4.9.3/../../../../arm-none-eabi/lib/armv7e-m/fpu\libm.a(lib_a-kf_sin.o)
 .debug_frame   0x00000f38       0x20 d:/chibistudio/tools/gnu tools arm embedded/4.9 2015q3/bin/../lib/gcc/arm-none-eabi/4.9.3/../../../../arm-none-eabi/lib/armv7e-m/fpu\libm.a(lib_a-sf_fabs.o)
 .debug_frame   0x00000f58       0x20 d:/chibistudio/tools/gnu tools arm embedded/4.9 2015q3/bin/../lib/gcc/arm-none-eabi/4.9.3/../../../../arm-none-eabi/lib/armv7e-m/fpu\libm.a(lib_a-sf_floor.o)
 .debug_frame   0x00000f78       0x44 d:/chibistudio/tools/gnu tools arm embedded/4.9 2015q3/bin/../lib/gcc/arm-none-eabi/4.9.3/../../../../arm-none-eabi/lib/armv7e-m/fpu\libm.a(lib_a-sf_scalbn.o)
 .debug_frame   0x00000fbc       0x20 d:/chibistudio/tools/gnu tools arm embedded/4.9 2015q3/bin/../lib/gcc/arm-none-eabi/4.9.3/../../../../arm-none-eabi/lib/armv7e-m/fpu\libm.a(lib_a-sf_copysign.o)

Cross Reference Table

Symbol                                            File
BusFault_Handler                                  C:\Users\nameless\AppData\Local\Temp\ccOXVY5X.ltrans3.ltrans.o
                                                  build/obj/vectors.o (symbol from plugin)
                                                  C:\Users\nameless\AppData\Local\Temp\ccOXVY5X.ltrans0.ltrans.o
CAND1                                             C:\Users\nameless\AppData\Local\Temp\ccOXVY5X.ltrans4.ltrans.o
                                                  build/obj/can_lld.o (symbol from plugin)
                                                  C:\Users\nameless\AppData\Local\Temp\ccOXVY5X.ltrans0.ltrans.o
CAND2                                             C:\Users\nameless\AppData\Local\Temp\ccOXVY5X.ltrans4.ltrans.o
                                                  build/obj/can_lld.o (symbol from plugin)
                                                  C:\Users\nameless\AppData\Local\Temp\ccOXVY5X.ltrans0.ltrans.o
DebugMon_Handler                                  C:\Users\nameless\AppData\Local\Temp\ccOXVY5X.ltrans3.ltrans.o
                                                  build/obj/vectors.o (symbol from plugin)
                                                  C:\Users\nameless\AppData\Local\Temp\ccOXVY5X.ltrans0.ltrans.o
HardFault_Handler                                 C:\Users\nameless\AppData\Local\Temp\ccOXVY5X.ltrans3.ltrans.o
                                                  build/obj/vectors.o (symbol from plugin)
                                                  C:\Users\nameless\AppData\Local\Temp\ccOXVY5X.ltrans0.ltrans.o
Host_thread.lto_priv.48                           C:\Users\nameless\AppData\Local\Temp\ccOXVY5X.ltrans4.ltrans.o
                                                  C:\Users\nameless\AppData\Local\Temp\ccOXVY5X.ltrans5.ltrans.o
I2CD1                                             C:\Users\nameless\AppData\Local\Temp\ccOXVY5X.ltrans4.ltrans.o
                                                  build/obj/i2c_lld.o (symbol from plugin)
                                                  C:\Users\nameless\AppData\Local\Temp\ccOXVY5X.ltrans0.ltrans.o
                                                  build/obj/mpu6050.o (symbol from plugin)
I2CD2                                             C:\Users\nameless\AppData\Local\Temp\ccOXVY5X.ltrans4.ltrans.o
                                                  build/obj/i2c_lld.o (symbol from plugin)
                                                  C:\Users\nameless\AppData\Local\Temp\ccOXVY5X.ltrans0.ltrans.o
MPUFlash                                          build/obj/mpu6050.o (symbol from plugin)
MemManage_Handler                                 C:\Users\nameless\AppData\Local\Temp\ccOXVY5X.ltrans3.ltrans.o
                                                  build/obj/vectors.o (symbol from plugin)
                                                  C:\Users\nameless\AppData\Local\Temp\ccOXVY5X.ltrans0.ltrans.o
NMI_Handler                                       C:\Users\nameless\AppData\Local\Temp\ccOXVY5X.ltrans3.ltrans.o
                                                  build/obj/vectors.o (symbol from plugin)
                                                  C:\Users\nameless\AppData\Local\Temp\ccOXVY5X.ltrans0.ltrans.o
PWMD5                                             C:\Users\nameless\AppData\Local\Temp\ccOXVY5X.ltrans4.ltrans.o
                                                  build/obj/pwm_lld.o (symbol from plugin)
                                                  C:\Users\nameless\AppData\Local\Temp\ccOXVY5X.ltrans0.ltrans.o
PendSV_Handler                                    C:\Users\nameless\AppData\Local\Temp\ccOXVY5X.ltrans3.ltrans.o
                                                  build/obj/vectors.o (symbol from plugin)
                                                  C:\Users\nameless\AppData\Local\Temp\ccOXVY5X.ltrans0.ltrans.o
Reset_Handler                                     build/obj/crt0_v7m.o
                                                  C:\Users\nameless\AppData\Local\Temp\ccOXVY5X.ltrans0.ltrans.o
                                                  build/obj/vectors.o (symbol from plugin)
SD3                                               C:\Users\nameless\AppData\Local\Temp\ccOXVY5X.ltrans5.ltrans.o
                                                  build/obj/serial_lld.o (symbol from plugin)
                                                  C:\Users\nameless\AppData\Local\Temp\ccOXVY5X.ltrans4.ltrans.o
                                                  C:\Users\nameless\AppData\Local\Temp\ccOXVY5X.ltrans0.ltrans.o
                                                  build/obj/shellcfg.o (symbol from plugin)
SPID1                                             C:\Users\nameless\AppData\Local\Temp\ccOXVY5X.ltrans5.ltrans.o
                                                  build/obj/spi_lld.o (symbol from plugin)
                                                  C:\Users\nameless\AppData\Local\Temp\ccOXVY5X.ltrans4.ltrans.o
                                                  C:\Users\nameless\AppData\Local\Temp\ccOXVY5X.ltrans2.ltrans.o
                                                  build/obj/tft_display.o (symbol from plugin)
SVC_Handler                                       C:\Users\nameless\AppData\Local\Temp\ccOXVY5X.ltrans1.ltrans.o
                                                  build/obj/chcore_v7m.o (symbol from plugin)
                                                  build/obj/vectors.o (symbol from plugin)
                                                  C:\Users\nameless\AppData\Local\Temp\ccOXVY5X.ltrans0.ltrans.o
SysTick_Handler                                   C:\Users\nameless\AppData\Local\Temp\ccOXVY5X.ltrans3.ltrans.o
                                                  build/obj/vectors.o (symbol from plugin)
                                                  C:\Users\nameless\AppData\Local\Temp\ccOXVY5X.ltrans0.ltrans.o
SystemCoreClock                                   build/obj/hal_lld.o (symbol from plugin)
TFT_thread.lto_priv.53                            C:\Users\nameless\AppData\Local\Temp\ccOXVY5X.ltrans2.ltrans.o
                                                  C:\Users\nameless\AppData\Local\Temp\ccOXVY5X.ltrans4.ltrans.o
UsageFault_Handler                                C:\Users\nameless\AppData\Local\Temp\ccOXVY5X.ltrans3.ltrans.o
                                                  build/obj/vectors.o (symbol from plugin)
                                                  C:\Users\nameless\AppData\Local\Temp\ccOXVY5X.ltrans0.ltrans.o
Vector100                                         C:\Users\nameless\AppData\Local\Temp\ccOXVY5X.ltrans3.ltrans.o
                                                  build/obj/vectors.o (symbol from plugin)
                                                  C:\Users\nameless\AppData\Local\Temp\ccOXVY5X.ltrans0.ltrans.o
Vector104                                         C:\Users\nameless\AppData\Local\Temp\ccOXVY5X.ltrans3.ltrans.o
                                                  build/obj/vectors.o (symbol from plugin)
                                                  C:\Users\nameless\AppData\Local\Temp\ccOXVY5X.ltrans0.ltrans.o
Vector108                                         build/obj/pwm_lld.o (symbol from plugin)
                                                  build/obj/vectors.o (symbol from plugin)
Vector10C                                         C:\Users\nameless\AppData\Local\Temp\ccOXVY5X.ltrans3.ltrans.o
                                                  build/obj/vectors.o (symbol from plugin)
                                                  C:\Users\nameless\AppData\Local\Temp\ccOXVY5X.ltrans0.ltrans.o
Vector110                                         C:\Users\nameless\AppData\Local\Temp\ccOXVY5X.ltrans3.ltrans.o
                                                  build/obj/vectors.o (symbol from plugin)
                                                  C:\Users\nameless\AppData\Local\Temp\ccOXVY5X.ltrans0.ltrans.o
Vector114                                         C:\Users\nameless\AppData\Local\Temp\ccOXVY5X.ltrans3.ltrans.o
                                                  build/obj/vectors.o (symbol from plugin)
                                                  C:\Users\nameless\AppData\Local\Temp\ccOXVY5X.ltrans0.ltrans.o
Vector118                                         C:\Users\nameless\AppData\Local\Temp\ccOXVY5X.ltrans3.ltrans.o
                                                  build/obj/vectors.o (symbol from plugin)
                                                  C:\Users\nameless\AppData\Local\Temp\ccOXVY5X.ltrans0.ltrans.o
Vector11C                                         C:\Users\nameless\AppData\Local\Temp\ccOXVY5X.ltrans3.ltrans.o
                                                  build/obj/vectors.o (symbol from plugin)
                                                  C:\Users\nameless\AppData\Local\Temp\ccOXVY5X.ltrans0.ltrans.o
Vector120                                         C:\Users\nameless\AppData\Local\Temp\ccOXVY5X.ltrans1.ltrans.o
                                                  build/obj/stm32_dma.o (symbol from plugin)
                                                  build/obj/vectors.o (symbol from plugin)
                                                  C:\Users\nameless\AppData\Local\Temp\ccOXVY5X.ltrans0.ltrans.o
Vector124                                         C:\Users\nameless\AppData\Local\Temp\ccOXVY5X.ltrans1.ltrans.o
                                                  build/obj/stm32_dma.o (symbol from plugin)
                                                  build/obj/vectors.o (symbol from plugin)
                                                  C:\Users\nameless\AppData\Local\Temp\ccOXVY5X.ltrans0.ltrans.o
Vector128                                         C:\Users\nameless\AppData\Local\Temp\ccOXVY5X.ltrans1.ltrans.o
                                                  build/obj/stm32_dma.o (symbol from plugin)
                                                  build/obj/vectors.o (symbol from plugin)
                                                  C:\Users\nameless\AppData\Local\Temp\ccOXVY5X.ltrans0.ltrans.o
Vector12C                                         C:\Users\nameless\AppData\Local\Temp\ccOXVY5X.ltrans1.ltrans.o
                                                  build/obj/stm32_dma.o (symbol from plugin)
                                                  build/obj/vectors.o (symbol from plugin)
                                                  C:\Users\nameless\AppData\Local\Temp\ccOXVY5X.ltrans0.ltrans.o
Vector130                                         C:\Users\nameless\AppData\Local\Temp\ccOXVY5X.ltrans1.ltrans.o
                                                  build/obj/stm32_dma.o (symbol from plugin)
                                                  build/obj/vectors.o (symbol from plugin)
                                                  C:\Users\nameless\AppData\Local\Temp\ccOXVY5X.ltrans0.ltrans.o
Vector134                                         C:\Users\nameless\AppData\Local\Temp\ccOXVY5X.ltrans3.ltrans.o
                                                  build/obj/vectors.o (symbol from plugin)
                                                  C:\Users\nameless\AppData\Local\Temp\ccOXVY5X.ltrans0.ltrans.o
Vector138                                         C:\Users\nameless\AppData\Local\Temp\ccOXVY5X.ltrans3.ltrans.o
                                                  build/obj/vectors.o (symbol from plugin)
                                                  C:\Users\nameless\AppData\Local\Temp\ccOXVY5X.ltrans0.ltrans.o
Vector13C                                         build/obj/can_lld.o (symbol from plugin)
                                                  build/obj/vectors.o (symbol from plugin)
Vector140                                         build/obj/can_lld.o (symbol from plugin)
                                                  build/obj/vectors.o (symbol from plugin)
Vector144                                         build/obj/can_lld.o (symbol from plugin)
                                                  build/obj/vectors.o (symbol from plugin)
Vector148                                         build/obj/can_lld.o (symbol from plugin)
                                                  build/obj/vectors.o (symbol from plugin)
Vector14C                                         C:\Users\nameless\AppData\Local\Temp\ccOXVY5X.ltrans3.ltrans.o
                                                  build/obj/vectors.o (symbol from plugin)
                                                  C:\Users\nameless\AppData\Local\Temp\ccOXVY5X.ltrans0.ltrans.o
Vector150                                         C:\Users\nameless\AppData\Local\Temp\ccOXVY5X.ltrans1.ltrans.o
                                                  build/obj/stm32_dma.o (symbol from plugin)
                                                  build/obj/vectors.o (symbol from plugin)
                                                  C:\Users\nameless\AppData\Local\Temp\ccOXVY5X.ltrans0.ltrans.o
Vector154                                         C:\Users\nameless\AppData\Local\Temp\ccOXVY5X.ltrans1.ltrans.o
                                                  build/obj/stm32_dma.o (symbol from plugin)
                                                  build/obj/vectors.o (symbol from plugin)
                                                  C:\Users\nameless\AppData\Local\Temp\ccOXVY5X.ltrans0.ltrans.o
Vector158                                         C:\Users\nameless\AppData\Local\Temp\ccOXVY5X.ltrans1.ltrans.o
                                                  build/obj/stm32_dma.o (symbol from plugin)
                                                  build/obj/vectors.o (symbol from plugin)
                                                  C:\Users\nameless\AppData\Local\Temp\ccOXVY5X.ltrans0.ltrans.o
Vector15C                                         C:\Users\nameless\AppData\Local\Temp\ccOXVY5X.ltrans3.ltrans.o
                                                  build/obj/vectors.o (symbol from plugin)
                                                  C:\Users\nameless\AppData\Local\Temp\ccOXVY5X.ltrans0.ltrans.o
Vector160                                         C:\Users\nameless\AppData\Local\Temp\ccOXVY5X.ltrans3.ltrans.o
                                                  build/obj/vectors.o (symbol from plugin)
                                                  C:\Users\nameless\AppData\Local\Temp\ccOXVY5X.ltrans0.ltrans.o
Vector164                                         C:\Users\nameless\AppData\Local\Temp\ccOXVY5X.ltrans3.ltrans.o
                                                  build/obj/vectors.o (symbol from plugin)
                                                  C:\Users\nameless\AppData\Local\Temp\ccOXVY5X.ltrans0.ltrans.o
Vector168                                         C:\Users\nameless\AppData\Local\Temp\ccOXVY5X.ltrans3.ltrans.o
                                                  build/obj/vectors.o (symbol from plugin)
                                                  C:\Users\nameless\AppData\Local\Temp\ccOXVY5X.ltrans0.ltrans.o
Vector16C                                         C:\Users\nameless\AppData\Local\Temp\ccOXVY5X.ltrans3.ltrans.o
                                                  build/obj/vectors.o (symbol from plugin)
                                                  C:\Users\nameless\AppData\Local\Temp\ccOXVY5X.ltrans0.ltrans.o
Vector170                                         C:\Users\nameless\AppData\Local\Temp\ccOXVY5X.ltrans3.ltrans.o
                                                  build/obj/vectors.o (symbol from plugin)
                                                  C:\Users\nameless\AppData\Local\Temp\ccOXVY5X.ltrans0.ltrans.o
Vector174                                         C:\Users\nameless\AppData\Local\Temp\ccOXVY5X.ltrans3.ltrans.o
                                                  build/obj/vectors.o (symbol from plugin)
                                                  C:\Users\nameless\AppData\Local\Temp\ccOXVY5X.ltrans0.ltrans.o
Vector178                                         C:\Users\nameless\AppData\Local\Temp\ccOXVY5X.ltrans3.ltrans.o
                                                  build/obj/vectors.o (symbol from plugin)
                                                  C:\Users\nameless\AppData\Local\Temp\ccOXVY5X.ltrans0.ltrans.o
Vector17C                                         C:\Users\nameless\AppData\Local\Temp\ccOXVY5X.ltrans3.ltrans.o
                                                  build/obj/vectors.o (symbol from plugin)
                                                  C:\Users\nameless\AppData\Local\Temp\ccOXVY5X.ltrans0.ltrans.o
Vector180                                         C:\Users\nameless\AppData\Local\Temp\ccOXVY5X.ltrans3.ltrans.o
                                                  build/obj/vectors.o (symbol from plugin)
                                                  C:\Users\nameless\AppData\Local\Temp\ccOXVY5X.ltrans0.ltrans.o
Vector184                                         C:\Users\nameless\AppData\Local\Temp\ccOXVY5X.ltrans3.ltrans.o
                                                  build/obj/vectors.o (symbol from plugin)
                                                  C:\Users\nameless\AppData\Local\Temp\ccOXVY5X.ltrans0.ltrans.o
Vector188                                         C:\Users\nameless\AppData\Local\Temp\ccOXVY5X.ltrans3.ltrans.o
                                                  build/obj/vectors.o (symbol from plugin)
                                                  C:\Users\nameless\AppData\Local\Temp\ccOXVY5X.ltrans0.ltrans.o
Vector18C                                         C:\Users\nameless\AppData\Local\Temp\ccOXVY5X.ltrans3.ltrans.o
                                                  build/obj/vectors.o (symbol from plugin)
                                                  C:\Users\nameless\AppData\Local\Temp\ccOXVY5X.ltrans0.ltrans.o
Vector190                                         C:\Users\nameless\AppData\Local\Temp\ccOXVY5X.ltrans3.ltrans.o
                                                  build/obj/vectors.o (symbol from plugin)
                                                  C:\Users\nameless\AppData\Local\Temp\ccOXVY5X.ltrans0.ltrans.o
Vector194                                         C:\Users\nameless\AppData\Local\Temp\ccOXVY5X.ltrans3.ltrans.o
                                                  build/obj/vectors.o (symbol from plugin)
                                                  C:\Users\nameless\AppData\Local\Temp\ccOXVY5X.ltrans0.ltrans.o
Vector198                                         C:\Users\nameless\AppData\Local\Temp\ccOXVY5X.ltrans3.ltrans.o
                                                  build/obj/vectors.o (symbol from plugin)
                                                  C:\Users\nameless\AppData\Local\Temp\ccOXVY5X.ltrans0.ltrans.o
Vector19C                                         C:\Users\nameless\AppData\Local\Temp\ccOXVY5X.ltrans3.ltrans.o
                                                  build/obj/vectors.o (symbol from plugin)
                                                  C:\Users\nameless\AppData\Local\Temp\ccOXVY5X.ltrans0.ltrans.o
Vector1A0                                         C:\Users\nameless\AppData\Local\Temp\ccOXVY5X.ltrans3.ltrans.o
                                                  build/obj/vectors.o (symbol from plugin)
                                                  C:\Users\nameless\AppData\Local\Temp\ccOXVY5X.ltrans0.ltrans.o
Vector1A4                                         C:\Users\nameless\AppData\Local\Temp\ccOXVY5X.ltrans3.ltrans.o
                                                  build/obj/vectors.o (symbol from plugin)
                                                  C:\Users\nameless\AppData\Local\Temp\ccOXVY5X.ltrans0.ltrans.o
Vector1A8                                         C:\Users\nameless\AppData\Local\Temp\ccOXVY5X.ltrans3.ltrans.o
                                                  build/obj/vectors.o (symbol from plugin)
                                                  C:\Users\nameless\AppData\Local\Temp\ccOXVY5X.ltrans0.ltrans.o
Vector1AC                                         C:\Users\nameless\AppData\Local\Temp\ccOXVY5X.ltrans3.ltrans.o
                                                  build/obj/vectors.o (symbol from plugin)
                                                  C:\Users\nameless\AppData\Local\Temp\ccOXVY5X.ltrans0.ltrans.o
Vector1B0                                         C:\Users\nameless\AppData\Local\Temp\ccOXVY5X.ltrans3.ltrans.o
                                                  build/obj/vectors.o (symbol from plugin)
                                                  C:\Users\nameless\AppData\Local\Temp\ccOXVY5X.ltrans0.ltrans.o
Vector1B4                                         C:\Users\nameless\AppData\Local\Temp\ccOXVY5X.ltrans3.ltrans.o
                                                  build/obj/vectors.o (symbol from plugin)
                                                  C:\Users\nameless\AppData\Local\Temp\ccOXVY5X.ltrans0.ltrans.o
Vector1B8                                         C:\Users\nameless\AppData\Local\Temp\ccOXVY5X.ltrans3.ltrans.o
                                                  build/obj/vectors.o (symbol from plugin)